<?xml version="1.0" encoding="ISO-8859-1" ?>
<link_info>
   <banner>TI ARM Linker PC v20.2.7.LTS</banner>
   <copyright>Copyright (c) 1996-2018 Texas Instruments Incorporated</copyright>
   <link_time>0x66a51616</link_time>
   <link_errors>0x0</link_errors>
   <output_file>base-practica1-TIVA-2023-ADC.out</output_file>
   <entry_point>
      <name>_c_int00_noargs</name>
      <address>0x1d011</address>
   </entry_point>
   <input_file_list>
      <input_file id="fl-2">
         <path>.\</path>
         <kind>object</kind>
         <file>commands.obj</file>
         <name>commands.obj</name>
      </input_file>
      <input_file id="fl-3">
         <path>.\</path>
         <kind>object</kind>
         <file>main.obj</file>
         <name>main.obj</name>
      </input_file>
      <input_file id="fl-4">
         <path>.\</path>
         <kind>object</kind>
         <file>startup_ccs.obj</file>
         <name>startup_ccs.obj</name>
      </input_file>
      <input_file id="fl-5">
         <path>.\FreeRTOS\Source\</path>
         <kind>object</kind>
         <file>croutine.obj</file>
         <name>croutine.obj</name>
      </input_file>
      <input_file id="fl-6">
         <path>.\FreeRTOS\Source\</path>
         <kind>object</kind>
         <file>event_groups.obj</file>
         <name>event_groups.obj</name>
      </input_file>
      <input_file id="fl-7">
         <path>.\FreeRTOS\Source\</path>
         <kind>object</kind>
         <file>list.obj</file>
         <name>list.obj</name>
      </input_file>
      <input_file id="fl-8">
         <path>.\FreeRTOS\Source\</path>
         <kind>object</kind>
         <file>queue.obj</file>
         <name>queue.obj</name>
      </input_file>
      <input_file id="fl-9">
         <path>.\FreeRTOS\Source\</path>
         <kind>object</kind>
         <file>stream_buffer.obj</file>
         <name>stream_buffer.obj</name>
      </input_file>
      <input_file id="fl-a">
         <path>.\FreeRTOS\Source\</path>
         <kind>object</kind>
         <file>tasks.obj</file>
         <name>tasks.obj</name>
      </input_file>
      <input_file id="fl-b">
         <path>.\FreeRTOS\Source\</path>
         <kind>object</kind>
         <file>timers.obj</file>
         <name>timers.obj</name>
      </input_file>
      <input_file id="fl-c">
         <path>.\FreeRTOS\Source\portable\CCS\ARM_CM4F\</path>
         <kind>object</kind>
         <file>port.obj</file>
         <name>port.obj</name>
      </input_file>
      <input_file id="fl-d">
         <path>.\FreeRTOS\Source\portable\CCS\ARM_CM4F\</path>
         <kind>object</kind>
         <file>portasm.obj</file>
         <name>portasm.obj</name>
      </input_file>
      <input_file id="fl-e">
         <path>.\FreeRTOS\Source\portable\MemMang\</path>
         <kind>object</kind>
         <file>heap_4.obj</file>
         <name>heap_4.obj</name>
      </input_file>
      <input_file id="fl-f">
         <path>.\driverlib\</path>
         <kind>object</kind>
         <file>adc.obj</file>
         <name>adc.obj</name>
      </input_file>
      <input_file id="fl-10">
         <path>.\driverlib\</path>
         <kind>object</kind>
         <file>aes.obj</file>
         <name>aes.obj</name>
      </input_file>
      <input_file id="fl-11">
         <path>.\driverlib\</path>
         <kind>object</kind>
         <file>can.obj</file>
         <name>can.obj</name>
      </input_file>
      <input_file id="fl-12">
         <path>.\driverlib\</path>
         <kind>object</kind>
         <file>comp.obj</file>
         <name>comp.obj</name>
      </input_file>
      <input_file id="fl-13">
         <path>.\driverlib\</path>
         <kind>object</kind>
         <file>cpu.obj</file>
         <name>cpu.obj</name>
      </input_file>
      <input_file id="fl-14">
         <path>.\driverlib\</path>
         <kind>object</kind>
         <file>crc.obj</file>
         <name>crc.obj</name>
      </input_file>
      <input_file id="fl-15">
         <path>.\driverlib\</path>
         <kind>object</kind>
         <file>des.obj</file>
         <name>des.obj</name>
      </input_file>
      <input_file id="fl-16">
         <path>.\driverlib\</path>
         <kind>object</kind>
         <file>eeprom.obj</file>
         <name>eeprom.obj</name>
      </input_file>
      <input_file id="fl-17">
         <path>.\driverlib\</path>
         <kind>object</kind>
         <file>emac.obj</file>
         <name>emac.obj</name>
      </input_file>
      <input_file id="fl-18">
         <path>.\driverlib\</path>
         <kind>object</kind>
         <file>epi.obj</file>
         <name>epi.obj</name>
      </input_file>
      <input_file id="fl-19">
         <path>.\driverlib\</path>
         <kind>object</kind>
         <file>epi_workaround_ccs.obj</file>
         <name>epi_workaround_ccs.obj</name>
      </input_file>
      <input_file id="fl-1a">
         <path>.\driverlib\</path>
         <kind>object</kind>
         <file>flash.obj</file>
         <name>flash.obj</name>
      </input_file>
      <input_file id="fl-1b">
         <path>.\driverlib\</path>
         <kind>object</kind>
         <file>fpu.obj</file>
         <name>fpu.obj</name>
      </input_file>
      <input_file id="fl-1c">
         <path>.\driverlib\</path>
         <kind>object</kind>
         <file>gpio.obj</file>
         <name>gpio.obj</name>
      </input_file>
      <input_file id="fl-1d">
         <path>.\driverlib\</path>
         <kind>object</kind>
         <file>hibernate.obj</file>
         <name>hibernate.obj</name>
      </input_file>
      <input_file id="fl-1e">
         <path>.\driverlib\</path>
         <kind>object</kind>
         <file>i2c.obj</file>
         <name>i2c.obj</name>
      </input_file>
      <input_file id="fl-1f">
         <path>.\driverlib\</path>
         <kind>object</kind>
         <file>interrupt.obj</file>
         <name>interrupt.obj</name>
      </input_file>
      <input_file id="fl-20">
         <path>.\driverlib\</path>
         <kind>object</kind>
         <file>lcd.obj</file>
         <name>lcd.obj</name>
      </input_file>
      <input_file id="fl-21">
         <path>.\driverlib\</path>
         <kind>object</kind>
         <file>mpu.obj</file>
         <name>mpu.obj</name>
      </input_file>
      <input_file id="fl-22">
         <path>.\driverlib\</path>
         <kind>object</kind>
         <file>onewire.obj</file>
         <name>onewire.obj</name>
      </input_file>
      <input_file id="fl-23">
         <path>.\driverlib\</path>
         <kind>object</kind>
         <file>pwm.obj</file>
         <name>pwm.obj</name>
      </input_file>
      <input_file id="fl-24">
         <path>.\driverlib\</path>
         <kind>object</kind>
         <file>qei.obj</file>
         <name>qei.obj</name>
      </input_file>
      <input_file id="fl-25">
         <path>.\driverlib\</path>
         <kind>object</kind>
         <file>shamd5.obj</file>
         <name>shamd5.obj</name>
      </input_file>
      <input_file id="fl-26">
         <path>.\driverlib\</path>
         <kind>object</kind>
         <file>ssi.obj</file>
         <name>ssi.obj</name>
      </input_file>
      <input_file id="fl-27">
         <path>.\driverlib\</path>
         <kind>object</kind>
         <file>sw_crc.obj</file>
         <name>sw_crc.obj</name>
      </input_file>
      <input_file id="fl-28">
         <path>.\driverlib\</path>
         <kind>object</kind>
         <file>sysctl.obj</file>
         <name>sysctl.obj</name>
      </input_file>
      <input_file id="fl-29">
         <path>.\driverlib\</path>
         <kind>object</kind>
         <file>sysexc.obj</file>
         <name>sysexc.obj</name>
      </input_file>
      <input_file id="fl-2a">
         <path>.\driverlib\</path>
         <kind>object</kind>
         <file>systick.obj</file>
         <name>systick.obj</name>
      </input_file>
      <input_file id="fl-2b">
         <path>.\driverlib\</path>
         <kind>object</kind>
         <file>timer.obj</file>
         <name>timer.obj</name>
      </input_file>
      <input_file id="fl-2c">
         <path>.\driverlib\</path>
         <kind>object</kind>
         <file>uart.obj</file>
         <name>uart.obj</name>
      </input_file>
      <input_file id="fl-2d">
         <path>.\driverlib\</path>
         <kind>object</kind>
         <file>udma.obj</file>
         <name>udma.obj</name>
      </input_file>
      <input_file id="fl-2e">
         <path>.\driverlib\</path>
         <kind>object</kind>
         <file>usb.obj</file>
         <name>usb.obj</name>
      </input_file>
      <input_file id="fl-2f">
         <path>.\driverlib\</path>
         <kind>object</kind>
         <file>watchdog.obj</file>
         <name>watchdog.obj</name>
      </input_file>
      <input_file id="fl-30">
         <path>.\drivers\</path>
         <kind>object</kind>
         <file>ACME_3416.obj</file>
         <name>ACME_3416.obj</name>
      </input_file>
      <input_file id="fl-31">
         <path>.\drivers\</path>
         <kind>object</kind>
         <file>BMI160.obj</file>
         <name>BMI160.obj</name>
      </input_file>
      <input_file id="fl-32">
         <path>.\drivers\</path>
         <kind>object</kind>
         <file>buttons.obj</file>
         <name>buttons.obj</name>
      </input_file>
      <input_file id="fl-33">
         <path>.\drivers\</path>
         <kind>object</kind>
         <file>configADC.obj</file>
         <name>configADC.obj</name>
      </input_file>
      <input_file id="fl-34">
         <path>.\drivers\</path>
         <kind>object</kind>
         <file>i2cm_drv.obj</file>
         <name>i2cm_drv.obj</name>
      </input_file>
      <input_file id="fl-35">
         <path>.\drivers\</path>
         <kind>object</kind>
         <file>rgb.obj</file>
         <name>rgb.obj</name>
      </input_file>
      <input_file id="fl-36">
         <path>.\remotelink\</path>
         <kind>object</kind>
         <file>crc.obj</file>
         <name>crc.obj</name>
      </input_file>
      <input_file id="fl-37">
         <path>.\remotelink\</path>
         <kind>object</kind>
         <file>remotelink.obj</file>
         <name>remotelink.obj</name>
      </input_file>
      <input_file id="fl-38">
         <path>.\remotelink\</path>
         <kind>object</kind>
         <file>serialprotocol.obj</file>
         <name>serialprotocol.obj</name>
      </input_file>
      <input_file id="fl-39">
         <path>.\remotelink\</path>
         <kind>object</kind>
         <file>usb_dev_serial.obj</file>
         <name>usb_dev_serial.obj</name>
      </input_file>
      <input_file id="fl-3a">
         <path>.\remotelink\</path>
         <kind>object</kind>
         <file>usb_serial_structs.obj</file>
         <name>usb_serial_structs.obj</name>
      </input_file>
      <input_file id="fl-3b">
         <path>.\usblib\device\</path>
         <kind>object</kind>
         <file>usbdaudio.obj</file>
         <name>usbdaudio.obj</name>
      </input_file>
      <input_file id="fl-3c">
         <path>.\usblib\device\</path>
         <kind>object</kind>
         <file>usbdbulk.obj</file>
         <name>usbdbulk.obj</name>
      </input_file>
      <input_file id="fl-3d">
         <path>.\usblib\device\</path>
         <kind>object</kind>
         <file>usbdcdc.obj</file>
         <name>usbdcdc.obj</name>
      </input_file>
      <input_file id="fl-3e">
         <path>.\usblib\device\</path>
         <kind>object</kind>
         <file>usbdcdesc.obj</file>
         <name>usbdcdesc.obj</name>
      </input_file>
      <input_file id="fl-3f">
         <path>.\usblib\device\</path>
         <kind>object</kind>
         <file>usbdcomp.obj</file>
         <name>usbdcomp.obj</name>
      </input_file>
      <input_file id="fl-40">
         <path>.\usblib\device\</path>
         <kind>object</kind>
         <file>usbdconfig.obj</file>
         <name>usbdconfig.obj</name>
      </input_file>
      <input_file id="fl-41">
         <path>.\usblib\device\</path>
         <kind>object</kind>
         <file>usbddfu-rt.obj</file>
         <name>usbddfu-rt.obj</name>
      </input_file>
      <input_file id="fl-42">
         <path>.\usblib\device\</path>
         <kind>object</kind>
         <file>usbdenum.obj</file>
         <name>usbdenum.obj</name>
      </input_file>
      <input_file id="fl-43">
         <path>.\usblib\device\</path>
         <kind>object</kind>
         <file>usbdhandler.obj</file>
         <name>usbdhandler.obj</name>
      </input_file>
      <input_file id="fl-44">
         <path>.\usblib\device\</path>
         <kind>object</kind>
         <file>usbdhid.obj</file>
         <name>usbdhid.obj</name>
      </input_file>
      <input_file id="fl-45">
         <path>.\usblib\device\</path>
         <kind>object</kind>
         <file>usbdhidgamepad.obj</file>
         <name>usbdhidgamepad.obj</name>
      </input_file>
      <input_file id="fl-46">
         <path>.\usblib\device\</path>
         <kind>object</kind>
         <file>usbdhidkeyb.obj</file>
         <name>usbdhidkeyb.obj</name>
      </input_file>
      <input_file id="fl-47">
         <path>.\usblib\device\</path>
         <kind>object</kind>
         <file>usbdhidmouse.obj</file>
         <name>usbdhidmouse.obj</name>
      </input_file>
      <input_file id="fl-48">
         <path>.\usblib\device\</path>
         <kind>object</kind>
         <file>usbdmsc.obj</file>
         <name>usbdmsc.obj</name>
      </input_file>
      <input_file id="fl-49">
         <path>.\usblib\host\</path>
         <kind>object</kind>
         <file>usbhaudio.obj</file>
         <name>usbhaudio.obj</name>
      </input_file>
      <input_file id="fl-4a">
         <path>.\usblib\host\</path>
         <kind>object</kind>
         <file>usbhhid.obj</file>
         <name>usbhhid.obj</name>
      </input_file>
      <input_file id="fl-4b">
         <path>.\usblib\host\</path>
         <kind>object</kind>
         <file>usbhhidkeyboard.obj</file>
         <name>usbhhidkeyboard.obj</name>
      </input_file>
      <input_file id="fl-4c">
         <path>.\usblib\host\</path>
         <kind>object</kind>
         <file>usbhhidmouse.obj</file>
         <name>usbhhidmouse.obj</name>
      </input_file>
      <input_file id="fl-4d">
         <path>.\usblib\host\</path>
         <kind>object</kind>
         <file>usbhhub.obj</file>
         <name>usbhhub.obj</name>
      </input_file>
      <input_file id="fl-4e">
         <path>.\usblib\host\</path>
         <kind>object</kind>
         <file>usbhmsc.obj</file>
         <name>usbhmsc.obj</name>
      </input_file>
      <input_file id="fl-4f">
         <path>.\usblib\host\</path>
         <kind>object</kind>
         <file>usbhostenum.obj</file>
         <name>usbhostenum.obj</name>
      </input_file>
      <input_file id="fl-50">
         <path>.\usblib\host\</path>
         <kind>object</kind>
         <file>usbhscsi.obj</file>
         <name>usbhscsi.obj</name>
      </input_file>
      <input_file id="fl-51">
         <path>.\usblib\</path>
         <kind>object</kind>
         <file>usbbuffer.obj</file>
         <name>usbbuffer.obj</name>
      </input_file>
      <input_file id="fl-52">
         <path>.\usblib\</path>
         <kind>object</kind>
         <file>usbdesc.obj</file>
         <name>usbdesc.obj</name>
      </input_file>
      <input_file id="fl-53">
         <path>.\usblib\</path>
         <kind>object</kind>
         <file>usbdma.obj</file>
         <name>usbdma.obj</name>
      </input_file>
      <input_file id="fl-54">
         <path>.\usblib\</path>
         <kind>object</kind>
         <file>usbkeyboardmap.obj</file>
         <name>usbkeyboardmap.obj</name>
      </input_file>
      <input_file id="fl-55">
         <path>.\usblib\</path>
         <kind>object</kind>
         <file>usbmode.obj</file>
         <name>usbmode.obj</name>
      </input_file>
      <input_file id="fl-56">
         <path>.\usblib\</path>
         <kind>object</kind>
         <file>usbringbuf.obj</file>
         <name>usbringbuf.obj</name>
      </input_file>
      <input_file id="fl-57">
         <path>.\usblib\</path>
         <kind>object</kind>
         <file>usbtick.obj</file>
         <name>usbtick.obj</name>
      </input_file>
      <input_file id="fl-58">
         <path>.\usblib\</path>
         <kind>object</kind>
         <file>usbulpi.obj</file>
         <name>usbulpi.obj</name>
      </input_file>
      <input_file id="fl-59">
         <path>.\utils\</path>
         <kind>object</kind>
         <file>RunTimeStatsConfig.obj</file>
         <name>RunTimeStatsConfig.obj</name>
      </input_file>
      <input_file id="fl-5a">
         <path>.\utils\</path>
         <kind>object</kind>
         <file>cmdline.obj</file>
         <name>cmdline.obj</name>
      </input_file>
      <input_file id="fl-5b">
         <path>.\utils\</path>
         <kind>object</kind>
         <file>cpu_usage.obj</file>
         <name>cpu_usage.obj</name>
      </input_file>
      <input_file id="fl-5c">
         <path>.\utils\</path>
         <kind>object</kind>
         <file>uartstdio.obj</file>
         <name>uartstdio.obj</name>
      </input_file>
      <input_file id="fl-61">
         <kind>object</kind>
         <file>&lt;internal&gt;</file>
         <name>&lt;internal&gt;</name>
      </input_file>
      <input_file id="fl-62">
         <path>..\emul\</path>
         <kind>archive</kind>
         <file>ACMEsim.lib</file>
         <name>ACMESim_i2c_slave.obj</name>
      </input_file>
      <input_file id="fl-118">
         <path>C:\ti\ccs1230\ccs\tools\compiler\ti-cgt-arm_20.2.7.LTS\lib\</path>
         <kind>archive</kind>
         <file>rtsv7M4_T_le_v4SPD16_eabi.lib</file>
         <name>sprintf.c.obj</name>
      </input_file>
      <input_file id="fl-119">
         <path>C:\ti\ccs1230\ccs\tools\compiler\ti-cgt-arm_20.2.7.LTS\lib\</path>
         <kind>archive</kind>
         <file>rtsv7M4_T_le_v4SPD16_eabi.lib</file>
         <name>fd_add_t2.asm.obj</name>
      </input_file>
      <input_file id="fl-11a">
         <path>C:\ti\ccs1230\ccs\tools\compiler\ti-cgt-arm_20.2.7.LTS\lib\</path>
         <kind>archive</kind>
         <file>rtsv7M4_T_le_v4SPD16_eabi.lib</file>
         <name>fd_div_t2.asm.obj</name>
      </input_file>
      <input_file id="fl-11b">
         <path>C:\ti\ccs1230\ccs\tools\compiler\ti-cgt-arm_20.2.7.LTS\lib\</path>
         <kind>archive</kind>
         <file>rtsv7M4_T_le_v4SPD16_eabi.lib</file>
         <name>fd_tou_t2.asm.obj</name>
      </input_file>
      <input_file id="fl-11c">
         <path>C:\ti\ccs1230\ccs\tools\compiler\ti-cgt-arm_20.2.7.LTS\lib\</path>
         <kind>archive</kind>
         <file>rtsv7M4_T_le_v4SPD16_eabi.lib</file>
         <name>fs_toull_t2.asm.obj</name>
      </input_file>
      <input_file id="fl-11d">
         <path>C:\ti\ccs1230\ccs\tools\compiler\ti-cgt-arm_20.2.7.LTS\lib\</path>
         <kind>archive</kind>
         <file>rtsv7M4_T_le_v4SPD16_eabi.lib</file>
         <name>memcpy_t2.asm.obj</name>
      </input_file>
      <input_file id="fl-11e">
         <path>C:\ti\ccs1230\ccs\tools\compiler\ti-cgt-arm_20.2.7.LTS\lib\</path>
         <kind>archive</kind>
         <file>rtsv7M4_T_le_v4SPD16_eabi.lib</file>
         <name>u_tofd_t2.asm.obj</name>
      </input_file>
      <input_file id="fl-11f">
         <path>C:\ti\ccs1230\ccs\tools\compiler\ti-cgt-arm_20.2.7.LTS\lib\</path>
         <kind>archive</kind>
         <file>rtsv7M4_T_le_v4SPD16_eabi.lib</file>
         <name>memset_t2.asm.obj</name>
      </input_file>
      <input_file id="fl-120">
         <path>C:\ti\ccs1230\ccs\tools\compiler\ti-cgt-arm_20.2.7.LTS\lib\</path>
         <kind>archive</kind>
         <file>rtsv7M4_T_le_v4SPD16_eabi.lib</file>
         <name>u_divt2.asm.obj</name>
      </input_file>
      <input_file id="fl-121">
         <path>C:\ti\ccs1230\ccs\tools\compiler\ti-cgt-arm_20.2.7.LTS\lib\</path>
         <kind>archive</kind>
         <file>rtsv7M4_T_le_v4SPD16_eabi.lib</file>
         <name>copy_zero_init.c.obj</name>
      </input_file>
      <input_file id="fl-122">
         <path>C:\ti\ccs1230\ccs\tools\compiler\ti-cgt-arm_20.2.7.LTS\lib\</path>
         <kind>archive</kind>
         <file>rtsv7M4_T_le_v4SPD16_eabi.lib</file>
         <name>copy_decompress_none.c.obj</name>
      </input_file>
      <input_file id="fl-123">
         <path>C:\ti\ccs1230\ccs\tools\compiler\ti-cgt-arm_20.2.7.LTS\lib\</path>
         <kind>archive</kind>
         <file>rtsv7M4_T_le_v4SPD16_eabi.lib</file>
         <name>copy_decompress_lzss.c.obj</name>
      </input_file>
      <input_file id="fl-124">
         <path>C:\ti\ccs1230\ccs\tools\compiler\ti-cgt-arm_20.2.7.LTS\lib\</path>
         <kind>archive</kind>
         <file>rtsv7M4_T_le_v4SPD16_eabi.lib</file>
         <name>strcmp.c.obj</name>
      </input_file>
      <input_file id="fl-125">
         <path>C:\ti\ccs1230\ccs\tools\compiler\ti-cgt-arm_20.2.7.LTS\lib\</path>
         <kind>archive</kind>
         <file>rtsv7M4_T_le_v4SPD16_eabi.lib</file>
         <name>strcpy.c.obj</name>
      </input_file>
      <input_file id="fl-126">
         <path>C:\ti\ccs1230\ccs\tools\compiler\ti-cgt-arm_20.2.7.LTS\lib\</path>
         <kind>archive</kind>
         <file>rtsv7M4_T_le_v4SPD16_eabi.lib</file>
         <name>strlen.c.obj</name>
      </input_file>
      <input_file id="fl-127">
         <path>C:\ti\ccs1230\ccs\tools\compiler\ti-cgt-arm_20.2.7.LTS\lib\</path>
         <kind>archive</kind>
         <file>rtsv7M4_T_le_v4SPD16_eabi.lib</file>
         <name>strncmp.c.obj</name>
      </input_file>
      <input_file id="fl-128">
         <path>C:\ti\ccs1230\ccs\tools\compiler\ti-cgt-arm_20.2.7.LTS\lib\</path>
         <kind>archive</kind>
         <file>rtsv7M4_T_le_v4SPD16_eabi.lib</file>
         <name>strtof.c.obj</name>
      </input_file>
      <input_file id="fl-129">
         <path>C:\ti\ccs1230\ccs\tools\compiler\ti-cgt-arm_20.2.7.LTS\lib\</path>
         <kind>archive</kind>
         <file>rtsv7M4_T_le_v4SPD16_eabi.lib</file>
         <name>strtoul.c.obj</name>
      </input_file>
      <input_file id="fl-12a">
         <path>C:\ti\ccs1230\ccs\tools\compiler\ti-cgt-arm_20.2.7.LTS\lib\</path>
         <kind>archive</kind>
         <file>rtsv7M4_T_le_v4SPD16_eabi.lib</file>
         <name>boot_cortex_m.c.obj</name>
      </input_file>
      <input_file id="fl-12b">
         <path>C:\ti\ccs1230\ccs\tools\compiler\ti-cgt-arm_20.2.7.LTS\lib\</path>
         <kind>archive</kind>
         <file>rtsv7M4_T_le_v4SPD16_eabi.lib</file>
         <name>errno.c.obj</name>
      </input_file>
      <input_file id="fl-12c">
         <path>C:\ti\ccs1230\ccs\tools\compiler\ti-cgt-arm_20.2.7.LTS\lib\</path>
         <kind>archive</kind>
         <file>rtsv7M4_T_le_v4SPD16_eabi.lib</file>
         <name>s_scalbnf.c.obj</name>
      </input_file>
      <input_file id="fl-12d">
         <path>C:\ti\ccs1230\ccs\tools\compiler\ti-cgt-arm_20.2.7.LTS\lib\</path>
         <kind>archive</kind>
         <file>rtsv7M4_T_le_v4SPD16_eabi.lib</file>
         <name>_printfi.c.obj</name>
      </input_file>
      <input_file id="fl-12e">
         <path>C:\ti\ccs1230\ccs\tools\compiler\ti-cgt-arm_20.2.7.LTS\lib\</path>
         <kind>archive</kind>
         <file>rtsv7M4_T_le_v4SPD16_eabi.lib</file>
         <name>s_copysignf.c.obj</name>
      </input_file>
      <input_file id="fl-12f">
         <path>C:\ti\ccs1230\ccs\tools\compiler\ti-cgt-arm_20.2.7.LTS\lib\</path>
         <kind>archive</kind>
         <file>rtsv7M4_T_le_v4SPD16_eabi.lib</file>
         <name>div0.asm.obj</name>
      </input_file>
      <input_file id="fl-130">
         <path>C:\ti\ccs1230\ccs\tools\compiler\ti-cgt-arm_20.2.7.LTS\lib\</path>
         <kind>archive</kind>
         <file>rtsv7M4_T_le_v4SPD16_eabi.lib</file>
         <name>fd_cmp_t2.asm.obj</name>
      </input_file>
      <input_file id="fl-131">
         <path>C:\ti\ccs1230\ccs\tools\compiler\ti-cgt-arm_20.2.7.LTS\lib\</path>
         <kind>archive</kind>
         <file>rtsv7M4_T_le_v4SPD16_eabi.lib</file>
         <name>fd_mul_t2.asm.obj</name>
      </input_file>
      <input_file id="fl-132">
         <path>C:\ti\ccs1230\ccs\tools\compiler\ti-cgt-arm_20.2.7.LTS\lib\</path>
         <kind>archive</kind>
         <file>rtsv7M4_T_le_v4SPD16_eabi.lib</file>
         <name>fd_toi_t2.asm.obj</name>
      </input_file>
      <input_file id="fl-133">
         <path>C:\ti\ccs1230\ccs\tools\compiler\ti-cgt-arm_20.2.7.LTS\lib\</path>
         <kind>archive</kind>
         <file>rtsv7M4_T_le_v4SPD16_eabi.lib</file>
         <name>i_tofd_t2.asm.obj</name>
      </input_file>
      <input_file id="fl-134">
         <path>C:\ti\ccs1230\ccs\tools\compiler\ti-cgt-arm_20.2.7.LTS\lib\</path>
         <kind>archive</kind>
         <file>rtsv7M4_T_le_v4SPD16_eabi.lib</file>
         <name>ull_div_t2.asm.obj</name>
      </input_file>
      <input_file id="fl-135">
         <path>C:\ti\ccs1230\ccs\tools\compiler\ti-cgt-arm_20.2.7.LTS\lib\</path>
         <kind>archive</kind>
         <file>rtsv7M4_T_le_v4SPD16_eabi.lib</file>
         <name>autoinit.c.obj</name>
      </input_file>
      <input_file id="fl-136">
         <path>C:\ti\ccs1230\ccs\tools\compiler\ti-cgt-arm_20.2.7.LTS\lib\</path>
         <kind>archive</kind>
         <file>rtsv7M4_T_le_v4SPD16_eabi.lib</file>
         <name>pre_init.c.obj</name>
      </input_file>
      <input_file id="fl-137">
         <path>C:\ti\ccs1230\ccs\tools\compiler\ti-cgt-arm_20.2.7.LTS\lib\</path>
         <kind>archive</kind>
         <file>rtsv7M4_T_le_v4SPD16_eabi.lib</file>
         <name>cpy_tbl.c.obj</name>
      </input_file>
      <input_file id="fl-138">
         <path>C:\ti\ccs1230\ccs\tools\compiler\ti-cgt-arm_20.2.7.LTS\lib\</path>
         <kind>archive</kind>
         <file>rtsv7M4_T_le_v4SPD16_eabi.lib</file>
         <name>exit.c.obj</name>
      </input_file>
      <input_file id="fl-139">
         <path>C:\ti\ccs1230\ccs\tools\compiler\ti-cgt-arm_20.2.7.LTS\lib\</path>
         <kind>archive</kind>
         <file>rtsv7M4_T_le_v4SPD16_eabi.lib</file>
         <name>_lock.c.obj</name>
      </input_file>
      <input_file id="fl-13a">
         <path>C:\ti\ccs1230\ccs\tools\compiler\ti-cgt-arm_20.2.7.LTS\lib\</path>
         <kind>archive</kind>
         <file>rtsv7M4_T_le_v4SPD16_eabi.lib</file>
         <name>_ltoa.c.obj</name>
      </input_file>
      <input_file id="fl-13b">
         <path>C:\ti\ccs1230\ccs\tools\compiler\ti-cgt-arm_20.2.7.LTS\lib\</path>
         <kind>archive</kind>
         <file>rtsv7M4_T_le_v4SPD16_eabi.lib</file>
         <name>args_main.c.obj</name>
      </input_file>
      <input_file id="fl-13c">
         <path>C:\ti\ccs1230\ccs\tools\compiler\ti-cgt-arm_20.2.7.LTS\lib\</path>
         <kind>archive</kind>
         <file>rtsv7M4_T_le_v4SPD16_eabi.lib</file>
         <name>atoi.c.obj</name>
      </input_file>
      <input_file id="fl-13d">
         <path>C:\ti\ccs1230\ccs\tools\compiler\ti-cgt-arm_20.2.7.LTS\lib\</path>
         <kind>archive</kind>
         <file>rtsv7M4_T_le_v4SPD16_eabi.lib</file>
         <name>ctype.c.obj</name>
      </input_file>
      <input_file id="fl-13e">
         <path>C:\ti\ccs1230\ccs\tools\compiler\ti-cgt-arm_20.2.7.LTS\lib\</path>
         <kind>archive</kind>
         <file>rtsv7M4_T_le_v4SPD16_eabi.lib</file>
         <name>memccpy.c.obj</name>
      </input_file>
      <input_file id="fl-13f">
         <path>C:\ti\ccs1230\ccs\tools\compiler\ti-cgt-arm_20.2.7.LTS\lib\</path>
         <kind>archive</kind>
         <file>rtsv7M4_T_le_v4SPD16_eabi.lib</file>
         <name>strchr.c.obj</name>
      </input_file>
      <input_file id="fl-140">
         <path>C:\ti\ccs1230\ccs\tools\compiler\ti-cgt-arm_20.2.7.LTS\lib\</path>
         <kind>archive</kind>
         <file>rtsv7M4_T_le_v4SPD16_eabi.lib</file>
         <name>wcslen.c.obj</name>
      </input_file>
      <input_file id="fl-141">
         <path>C:\ti\ccs1230\ccs\tools\compiler\ti-cgt-arm_20.2.7.LTS\lib\</path>
         <kind>archive</kind>
         <file>rtsv7M4_T_le_v4SPD16_eabi.lib</file>
         <name>s_frexp.c.obj</name>
      </input_file>
      <input_file id="fl-142">
         <path>C:\ti\ccs1230\ccs\tools\compiler\ti-cgt-arm_20.2.7.LTS\lib\</path>
         <kind>archive</kind>
         <file>rtsv7M4_T_le_v4SPD16_eabi.lib</file>
         <name>s_scalbn.c.obj</name>
      </input_file>
      <input_file id="fl-143">
         <path>C:\ti\ccs1230\ccs\tools\compiler\ti-cgt-arm_20.2.7.LTS\lib\</path>
         <kind>archive</kind>
         <file>rtsv7M4_T_le_v4SPD16_eabi.lib</file>
         <name>s_copysign.c.obj</name>
      </input_file>
   </input_file_list>
   <object_component_list>
      <object_component id="oc-12">
         <name>.intvecs</name>
         <load_address>0x0</load_address>
         <run_address>0x0</run_address>
         <size>0x26c</size>
         <input_file_ref idref="fl-4"/>
      </object_component>
      <object_component id="oc-5fc">
         <name>.text</name>
         <load_address>0x26c</load_address>
         <run_address>0x26c</run_address>
         <size>0x3084</size>
         <input_file_ref idref="fl-4f"/>
      </object_component>
      <object_component id="oc-9d">
         <name>.text</name>
         <load_address>0x32f0</load_address>
         <run_address>0x32f0</run_address>
         <size>0x2870</size>
         <input_file_ref idref="fl-a"/>
      </object_component>
      <object_component id="oc-3c3">
         <name>.text</name>
         <load_address>0x5b60</load_address>
         <run_address>0x5b60</run_address>
         <size>0x238c</size>
         <input_file_ref idref="fl-2e"/>
      </object_component>
      <object_component id="oc-be">
         <name>.text</name>
         <load_address>0x7eec</load_address>
         <run_address>0x7eec</run_address>
         <size>0x1688</size>
         <input_file_ref idref="fl-28"/>
      </object_component>
      <object_component id="oc-1bc">
         <name>.text</name>
         <load_address>0x9574</load_address>
         <run_address>0x9574</run_address>
         <size>0x1570</size>
         <input_file_ref idref="fl-42"/>
      </object_component>
      <object_component id="oc-ef">
         <name>.text</name>
         <load_address>0xaae4</load_address>
         <run_address>0xaae4</run_address>
         <size>0x1288</size>
         <input_file_ref idref="fl-1c"/>
      </object_component>
      <object_component id="oc-11b">
         <name>.text</name>
         <load_address>0xbd6c</load_address>
         <run_address>0xbd6c</run_address>
         <size>0x1040</size>
         <input_file_ref idref="fl-f"/>
      </object_component>
      <object_component id="oc-496">
         <name>.text</name>
         <load_address>0xcdac</load_address>
         <run_address>0xcdac</run_address>
         <size>0xfdc</size>
         <input_file_ref idref="fl-3d"/>
      </object_component>
      <object_component id="oc-3cf">
         <name>.text</name>
         <load_address>0xdd88</load_address>
         <run_address>0xdd88</run_address>
         <size>0xfa8</size>
         <input_file_ref idref="fl-53"/>
      </object_component>
      <object_component id="oc-d6">
         <name>.text</name>
         <load_address>0xed30</load_address>
         <run_address>0xed30</run_address>
         <size>0xfa0</size>
         <input_file_ref idref="fl-8"/>
      </object_component>
      <object_component id="oc-1ab">
         <name>.text</name>
         <load_address>0xfcd0</load_address>
         <run_address>0xfcd0</run_address>
         <size>0xe60</size>
         <input_file_ref idref="fl-34"/>
      </object_component>
      <object_component id="oc-115">
         <name>.text</name>
         <load_address>0x10b30</load_address>
         <run_address>0x10b30</run_address>
         <size>0xd20</size>
         <input_file_ref idref="fl-2b"/>
      </object_component>
      <object_component id="oc-4a">
         <name>.text</name>
         <load_address>0x11850</load_address>
         <run_address>0x11850</run_address>
         <size>0xccc</size>
         <input_file_ref idref="fl-2"/>
      </object_component>
      <object_component id="oc-1b1">
         <name>.text</name>
         <load_address>0x1251c</load_address>
         <run_address>0x1251c</run_address>
         <size>0xbb8</size>
         <input_file_ref idref="fl-1e"/>
      </object_component>
      <object_component id="oc-3e">
         <name>.text</name>
         <load_address>0x130d4</load_address>
         <run_address>0x130d4</run_address>
         <size>0xb8c</size>
         <input_file_ref idref="fl-5c"/>
      </object_component>
      <object_component id="oc-14d">
         <name>.text</name>
         <load_address>0x13c60</load_address>
         <run_address>0x13c60</run_address>
         <size>0xb08</size>
         <input_file_ref idref="fl-2c"/>
      </object_component>
      <object_component id="oc-34e">
         <name>.text:__TI_printfi</name>
         <load_address>0x14768</load_address>
         <run_address>0x14768</run_address>
         <size>0xa4e</size>
         <input_file_ref idref="fl-12d"/>
      </object_component>
      <object_component id="oc-334">
         <name>.text</name>
         <load_address>0x151b6</load_address>
         <run_address>0x151b6</run_address>
         <size>0x2</size>
         <input_file_ref idref="fl-12f"/>
      </object_component>
      <object_component id="oc-38">
         <name>.text</name>
         <load_address>0x151b8</load_address>
         <run_address>0x151b8</run_address>
         <size>0x9a4</size>
         <input_file_ref idref="fl-3"/>
      </object_component>
      <object_component id="oc-724">
         <name>.text</name>
         <load_address>0x15b5c</load_address>
         <run_address>0x15b5c</run_address>
         <size>0x924</size>
         <input_file_ref idref="fl-4d"/>
      </object_component>
      <object_component id="oc-121">
         <name>.text</name>
         <load_address>0x16480</load_address>
         <run_address>0x16480</run_address>
         <size>0x79c</size>
         <input_file_ref idref="fl-b"/>
      </object_component>
      <object_component id="oc-48a">
         <name>.text</name>
         <load_address>0x16c1c</load_address>
         <run_address>0x16c1c</run_address>
         <size>0x598</size>
         <input_file_ref idref="fl-51"/>
      </object_component>
      <object_component id="oc-490">
         <name>.text</name>
         <load_address>0x171b4</load_address>
         <run_address>0x171b4</run_address>
         <size>0x570</size>
         <input_file_ref idref="fl-55"/>
      </object_component>
      <object_component id="oc-c4">
         <name>.text</name>
         <load_address>0x17724</load_address>
         <run_address>0x17724</run_address>
         <size>0x544</size>
         <input_file_ref idref="fl-6"/>
      </object_component>
      <object_component id="oc-127">
         <name>.text</name>
         <load_address>0x17c68</load_address>
         <run_address>0x17c68</run_address>
         <size>0x490</size>
         <input_file_ref idref="fl-1f"/>
      </object_component>
      <object_component id="oc-5f4">
         <name>.text</name>
         <load_address>0x180f8</load_address>
         <run_address>0x180f8</run_address>
         <size>0x48c</size>
         <input_file_ref idref="fl-56"/>
      </object_component>
      <object_component id="oc-17d">
         <name>.text</name>
         <load_address>0x18584</load_address>
         <run_address>0x18584</run_address>
         <size>0x478</size>
         <input_file_ref idref="fl-e"/>
      </object_component>
      <object_component id="oc-f5">
         <name>.text</name>
         <load_address>0x189fc</load_address>
         <run_address>0x189fc</run_address>
         <size>0x42c</size>
         <input_file_ref idref="fl-35"/>
      </object_component>
      <object_component id="oc-27b">
         <name>.text</name>
         <load_address>0x18e28</load_address>
         <run_address>0x18e28</run_address>
         <size>0x3cc</size>
         <input_file_ref idref="fl-39"/>
      </object_component>
      <object_component id="oc-192">
         <name>.text:strtof</name>
         <load_address>0x191f4</load_address>
         <run_address>0x191f4</run_address>
         <size>0x3c8</size>
         <input_file_ref idref="fl-128"/>
      </object_component>
      <object_component id="oc-3f4">
         <name>.text</name>
         <load_address>0x195bc</load_address>
         <run_address>0x195bc</run_address>
         <size>0x3bc</size>
         <input_file_ref idref="fl-40"/>
      </object_component>
      <object_component id="oc-dc">
         <name>.text</name>
         <load_address>0x19978</load_address>
         <run_address>0x19978</run_address>
         <size>0x354</size>
         <input_file_ref idref="fl-31"/>
      </object_component>
      <object_component id="oc-44">
         <name>.text</name>
         <load_address>0x19ccc</load_address>
         <run_address>0x19ccc</run_address>
         <size>0x300</size>
         <input_file_ref idref="fl-33"/>
      </object_component>
      <object_component id="oc-e9">
         <name>.text</name>
         <load_address>0x19fcc</load_address>
         <run_address>0x19fcc</run_address>
         <size>0x2f2</size>
         <input_file_ref idref="fl-38"/>
      </object_component>
      <object_component id="oc-d0">
         <name>.text</name>
         <load_address>0x1a2c0</load_address>
         <run_address>0x1a2c0</run_address>
         <size>0x2e0</size>
         <input_file_ref idref="fl-30"/>
      </object_component>
      <object_component id="oc-3ee">
         <name>.text</name>
         <load_address>0x1a5a0</load_address>
         <run_address>0x1a5a0</run_address>
         <size>0x2de</size>
         <input_file_ref idref="fl-3e"/>
      </object_component>
      <object_component id="oc-ca">
         <name>.text</name>
         <load_address>0x1a880</load_address>
         <run_address>0x1a880</run_address>
         <size>0x2d4</size>
         <input_file_ref idref="fl-37"/>
      </object_component>
      <object_component id="oc-32">
         <name>.text</name>
         <load_address>0x1ab54</load_address>
         <run_address>0x1ab54</run_address>
         <size>0x2d0</size>
         <input_file_ref idref="fl-c"/>
      </object_component>
      <object_component id="oc-54d">
         <name>.text:_pconv_a</name>
         <load_address>0x1ae24</load_address>
         <run_address>0x1ae24</run_address>
         <size>0x270</size>
         <input_file_ref idref="fl-12d"/>
      </object_component>
      <object_component id="oc-19e">
         <name>.text</name>
         <load_address>0x1b094</load_address>
         <run_address>0x1b094</run_address>
         <size>0x22c</size>
         <input_file_ref idref="fl-62"/>
      </object_component>
      <object_component id="oc-5c1">
         <name>.text</name>
         <load_address>0x1b2c0</load_address>
         <run_address>0x1b2c0</run_address>
         <size>0x1d2</size>
         <input_file_ref idref="fl-52"/>
      </object_component>
      <object_component id="oc-53b">
         <name>.text:_pconv_g</name>
         <load_address>0x1b494</load_address>
         <run_address>0x1b494</run_address>
         <size>0x1d0</size>
         <input_file_ref idref="fl-12d"/>
      </object_component>
      <object_component id="oc-10b">
         <name>.text</name>
         <load_address>0x1b664</load_address>
         <run_address>0x1b664</run_address>
         <size>0x1b6</size>
         <input_file_ref idref="fl-119"/>
      </object_component>
      <object_component id="oc-547">
         <name>.text:_pconv_e</name>
         <load_address>0x1b81c</load_address>
         <run_address>0x1b81c</run_address>
         <size>0x13c</size>
         <input_file_ref idref="fl-12d"/>
      </object_component>
      <object_component id="oc-106">
         <name>.text</name>
         <load_address>0x1b958</load_address>
         <run_address>0x1b958</run_address>
         <size>0x136</size>
         <input_file_ref idref="fl-11a"/>
      </object_component>
      <object_component id="oc-201">
         <name>.text</name>
         <load_address>0x1ba8e</load_address>
         <run_address>0x1ba8e</run_address>
         <size>0x12a</size>
         <input_file_ref idref="fl-7"/>
      </object_component>
      <object_component id="oc-fb">
         <name>.text</name>
         <load_address>0x1bbb8</load_address>
         <run_address>0x1bbb8</run_address>
         <size>0x128</size>
         <input_file_ref idref="fl-32"/>
      </object_component>
      <object_component id="oc-b8">
         <name>.text</name>
         <load_address>0x1bce0</load_address>
         <run_address>0x1bce0</run_address>
         <size>0x124</size>
         <input_file_ref idref="fl-5b"/>
      </object_component>
      <object_component id="oc-67f">
         <name>.text:fcvt</name>
         <load_address>0x1be04</load_address>
         <run_address>0x1be04</run_address>
         <size>0x124</size>
         <input_file_ref idref="fl-12d"/>
      </object_component>
      <object_component id="oc-693">
         <name>.text:scalbn</name>
         <load_address>0x1bf28</load_address>
         <run_address>0x1bf28</run_address>
         <size>0x110</size>
         <input_file_ref idref="fl-142"/>
      </object_component>
      <object_component id="oc-198">
         <name>.text:strtoul</name>
         <load_address>0x1c038</load_address>
         <run_address>0x1c038</run_address>
         <size>0x110</size>
         <input_file_ref idref="fl-129"/>
      </object_component>
      <object_component id="oc-658">
         <name>.text</name>
         <load_address>0x1c148</load_address>
         <run_address>0x1c148</run_address>
         <size>0xfc</size>
         <input_file_ref idref="fl-131"/>
      </object_component>
      <object_component id="oc-3d5">
         <name>.text</name>
         <load_address>0x1c244</load_address>
         <run_address>0x1c244</run_address>
         <size>0xec</size>
         <input_file_ref idref="fl-57"/>
      </object_component>
      <object_component id="oc-2d">
         <name>.text</name>
         <load_address>0x1c330</load_address>
         <run_address>0x1c330</run_address>
         <size>0xda</size>
         <input_file_ref idref="fl-d"/>
      </object_component>
      <object_component id="oc-372">
         <name>.text:scalbnf</name>
         <load_address>0x1c40c</load_address>
         <run_address>0x1c40c</run_address>
         <size>0xd0</size>
         <input_file_ref idref="fl-12c"/>
      </object_component>
      <object_component id="oc-3c9">
         <name>.text</name>
         <load_address>0x1c4dc</load_address>
         <run_address>0x1c4dc</run_address>
         <size>0xc8</size>
         <input_file_ref idref="fl-58"/>
      </object_component>
      <object_component id="oc-530">
         <name>.text:_ltostr</name>
         <load_address>0x1c5a4</load_address>
         <run_address>0x1c5a4</run_address>
         <size>0xb1</size>
         <input_file_ref idref="fl-12d"/>
      </object_component>
      <object_component id="oc-1a5">
         <name>.text</name>
         <load_address>0x1c658</load_address>
         <run_address>0x1c658</run_address>
         <size>0xac</size>
         <input_file_ref idref="fl-5a"/>
      </object_component>
      <object_component id="oc-64">
         <name>.text</name>
         <load_address>0x1c704</load_address>
         <run_address>0x1c704</run_address>
         <size>0x9c</size>
         <input_file_ref idref="fl-11d"/>
      </object_component>
      <object_component id="oc-651">
         <name>.text</name>
         <load_address>0x1c7a0</load_address>
         <run_address>0x1c7a0</run_address>
         <size>0x96</size>
         <input_file_ref idref="fl-134"/>
      </object_component>
      <object_component id="oc-536">
         <name>.text:__aeabi_cdcmple</name>
         <load_address>0x1c836</load_address>
         <run_address>0x1c836</run_address>
         <size>0x86</size>
         <input_file_ref idref="fl-130"/>
      </object_component>
      <object_component id="oc-65d">
         <name>.text:__aeabi_cdrcmple</name>
         <load_address>0x1c8bc</load_address>
         <run_address>0x1c8bc</run_address>
         <size>0x86</size>
         <input_file_ref idref="fl-130"/>
      </object_component>
      <object_component id="oc-1df">
         <name>.text</name>
         <load_address>0x1c942</load_address>
         <run_address>0x1c942</run_address>
         <size>0x7a</size>
         <input_file_ref idref="fl-11f"/>
      </object_component>
      <object_component id="oc-678">
         <name>.text:_mcpy</name>
         <load_address>0x1c9bc</load_address>
         <run_address>0x1c9bc</run_address>
         <size>0x6e</size>
         <input_file_ref idref="fl-12d"/>
      </object_component>
      <object_component id="oc-2b8">
         <name>.text</name>
         <load_address>0x1ca2c</load_address>
         <run_address>0x1ca2c</run_address>
         <size>0x68</size>
         <input_file_ref idref="fl-36"/>
      </object_component>
      <object_component id="oc-213">
         <name>.text</name>
         <load_address>0x1ca94</load_address>
         <run_address>0x1ca94</run_address>
         <size>0x68</size>
         <input_file_ref idref="fl-59"/>
      </object_component>
      <object_component id="oc-15">
         <name>.text:decompress:lzss:__TI_decompress_lzss</name>
         <load_address>0x1cafc</load_address>
         <run_address>0x1cafc</run_address>
         <size>0x68</size>
         <input_file_ref idref="fl-123"/>
      </object_component>
      <object_component id="oc-68d">
         <name>.text:frexp</name>
         <load_address>0x1cb64</load_address>
         <run_address>0x1cb64</run_address>
         <size>0x64</size>
         <input_file_ref idref="fl-141"/>
      </object_component>
      <object_component id="oc-541">
         <name>.text:_pconv_f</name>
         <load_address>0x1cbc8</load_address>
         <run_address>0x1cbc8</run_address>
         <size>0x56</size>
         <input_file_ref idref="fl-12d"/>
      </object_component>
      <object_component id="oc-667">
         <name>.text:__TI_ltoa</name>
         <load_address>0x1cc1e</load_address>
         <run_address>0x1cc1e</run_address>
         <size>0x54</size>
         <input_file_ref idref="fl-13a"/>
      </object_component>
      <object_component id="oc-672">
         <name>.text:_ecpy</name>
         <load_address>0x1cc72</load_address>
         <run_address>0x1cc72</run_address>
         <size>0x52</size>
         <input_file_ref idref="fl-12d"/>
      </object_component>
      <object_component id="oc-2cb">
         <name>.text</name>
         <load_address>0x1ccc4</load_address>
         <run_address>0x1ccc4</run_address>
         <size>0x50</size>
         <input_file_ref idref="fl-11c"/>
      </object_component>
      <object_component id="oc-52a">
         <name>.text:atoi</name>
         <load_address>0x1cd14</load_address>
         <run_address>0x1cd14</run_address>
         <size>0x4c</size>
         <input_file_ref idref="fl-13c"/>
      </object_component>
      <object_component id="oc-662">
         <name>.text</name>
         <load_address>0x1cd60</load_address>
         <run_address>0x1cd60</run_address>
         <size>0x48</size>
         <input_file_ref idref="fl-132"/>
      </object_component>
      <object_component id="oc-41a">
         <name>.text:__TI_auto_init_nobinit_nopinit:__TI_auto_init_nobinit_nopinit</name>
         <load_address>0x1cda8</load_address>
         <run_address>0x1cda8</run_address>
         <size>0x44</size>
         <input_file_ref idref="fl-135"/>
      </object_component>
      <object_component id="oc-110">
         <name>.text</name>
         <load_address>0x1cdec</load_address>
         <run_address>0x1cdec</run_address>
         <size>0x44</size>
         <input_file_ref idref="fl-11b"/>
      </object_component>
      <object_component id="oc-168">
         <name>.text</name>
         <load_address>0x1ce30</load_address>
         <run_address>0x1ce30</run_address>
         <size>0x40</size>
         <input_file_ref idref="fl-120"/>
      </object_component>
      <object_component id="oc-183">
         <name>.text:sprintf</name>
         <load_address>0x1ce70</load_address>
         <run_address>0x1ce70</run_address>
         <size>0x40</size>
         <input_file_ref idref="fl-118"/>
      </object_component>
      <object_component id="oc-27">
         <name>.text</name>
         <load_address>0x1ceb0</load_address>
         <run_address>0x1ceb0</run_address>
         <size>0x40</size>
         <input_file_ref idref="fl-4"/>
      </object_component>
      <object_component id="oc-685">
         <name>.text:_fcpy</name>
         <load_address>0x1cef0</load_address>
         <run_address>0x1cef0</run_address>
         <size>0x3e</size>
         <input_file_ref idref="fl-12d"/>
      </object_component>
      <object_component id="oc-25d">
         <name>.text</name>
         <load_address>0x1cf2e</load_address>
         <run_address>0x1cf2e</run_address>
         <size>0x3e</size>
         <input_file_ref idref="fl-13"/>
      </object_component>
      <object_component id="oc-398">
         <name>.text:I2CMRead</name>
         <load_address>0x1cf6c</load_address>
         <run_address>0x1cf6c</run_address>
         <size>0x36</size>
         <input_file_ref idref="fl-2"/>
      </object_component>
      <object_component id="oc-391">
         <name>.text:I2CMWrite</name>
         <load_address>0x1cfa2</load_address>
         <run_address>0x1cfa2</run_address>
         <size>0x36</size>
         <input_file_ref idref="fl-2"/>
      </object_component>
      <object_component id="oc-39f">
         <name>.text:I2CMWriteBatched</name>
         <load_address>0x1cfd8</load_address>
         <run_address>0x1cfd8</run_address>
         <size>0x36</size>
         <input_file_ref idref="fl-2"/>
      </object_component>
      <object_component id="oc-82">
         <name>.text:_c_int00_noargs:_c_int00_noargs</name>
         <load_address>0x1d010</load_address>
         <run_address>0x1d010</run_address>
         <size>0x34</size>
         <input_file_ref idref="fl-12a"/>
      </object_component>
      <object_component id="oc-66d">
         <name>.text</name>
         <load_address>0x1d044</load_address>
         <run_address>0x1d044</run_address>
         <size>0x2e</size>
         <input_file_ref idref="fl-133"/>
      </object_component>
      <object_component id="oc-189">
         <name>.text:strncmp</name>
         <load_address>0x1d072</load_address>
         <run_address>0x1d072</run_address>
         <size>0x2c</size>
         <input_file_ref idref="fl-127"/>
      </object_component>
      <object_component id="oc-21f">
         <name>.text:GetOverflowCounts</name>
         <load_address>0x1d0a0</load_address>
         <run_address>0x1d0a0</run_address>
         <size>0x24</size>
         <input_file_ref idref="fl-59"/>
      </object_component>
      <object_component id="oc-50">
         <name>.text</name>
         <load_address>0x1d0c4</load_address>
         <run_address>0x1d0c4</run_address>
         <size>0x24</size>
         <input_file_ref idref="fl-43"/>
      </object_component>
      <object_component id="oc-101">
         <name>.text</name>
         <load_address>0x1d0e8</load_address>
         <run_address>0x1d0e8</run_address>
         <size>0x20</size>
         <input_file_ref idref="fl-11e"/>
      </object_component>
      <object_component id="oc-553">
         <name>.text:memccpy</name>
         <load_address>0x1d108</load_address>
         <run_address>0x1d108</run_address>
         <size>0x1c</size>
         <input_file_ref idref="fl-13e"/>
      </object_component>
      <object_component id="oc-782">
         <name>.text:copysign</name>
         <load_address>0x1d124</load_address>
         <run_address>0x1d124</run_address>
         <size>0x1a</size>
         <input_file_ref idref="fl-143"/>
      </object_component>
      <object_component id="oc-354">
         <name>.text:_outs</name>
         <load_address>0x1d13e</load_address>
         <run_address>0x1d13e</run_address>
         <size>0x18</size>
         <input_file_ref idref="fl-118"/>
      </object_component>
      <object_component id="oc-576">
         <name>.text:copysignf</name>
         <load_address>0x1d156</load_address>
         <run_address>0x1d156</run_address>
         <size>0x18</size>
         <input_file_ref idref="fl-12e"/>
      </object_component>
      <object_component id="oc-386">
         <name>.text:strcmp</name>
         <load_address>0x1d16e</load_address>
         <run_address>0x1d16e</run_address>
         <size>0x18</size>
         <input_file_ref idref="fl-124"/>
      </object_component>
      <object_component id="oc-699">
         <name>.text:strchr</name>
         <load_address>0x1d186</load_address>
         <run_address>0x1d186</run_address>
         <size>0x16</size>
         <input_file_ref idref="fl-13f"/>
      </object_component>
      <object_component id="oc-22c">
         <name>.text:strcpy</name>
         <load_address>0x1d19c</load_address>
         <run_address>0x1d19c</run_address>
         <size>0x14</size>
         <input_file_ref idref="fl-125"/>
      </object_component>
      <object_component id="oc-19f">
         <name>.text:strlen</name>
         <load_address>0x1d1b0</load_address>
         <run_address>0x1d1b0</run_address>
         <size>0x14</size>
         <input_file_ref idref="fl-126"/>
      </object_component>
      <object_component id="oc-559">
         <name>.text:wcslen</name>
         <load_address>0x1d1c4</load_address>
         <run_address>0x1d1c4</run_address>
         <size>0x12</size>
         <input_file_ref idref="fl-140"/>
      </object_component>
      <object_component id="oc-1b">
         <name>.text:decompress:none:__TI_decompress_none</name>
         <load_address>0x1d1d6</load_address>
         <run_address>0x1d1d6</run_address>
         <size>0xe</size>
         <input_file_ref idref="fl-122"/>
      </object_component>
      <object_component id="oc-76">
         <name>.text:decompress:ZI:__TI_zero_init</name>
         <load_address>0x1d1e4</load_address>
         <run_address>0x1d1e4</run_address>
         <size>0xc</size>
         <input_file_ref idref="fl-121"/>
      </object_component>
      <object_component id="oc-35a">
         <name>.text:_outc</name>
         <load_address>0x1d1f0</load_address>
         <run_address>0x1d1f0</run_address>
         <size>0xa</size>
         <input_file_ref idref="fl-118"/>
      </object_component>
      <object_component id="oc-36c">
         <name>.text:__aeabi_errno_addr</name>
         <load_address>0x1d1fc</load_address>
         <run_address>0x1d1fc</run_address>
         <size>0x8</size>
         <input_file_ref idref="fl-12b"/>
      </object_component>
      <object_component id="oc-26c">
         <name>.text:SysCtlDelay</name>
         <load_address>0x1d204</load_address>
         <run_address>0x1d204</run_address>
         <size>0x6</size>
         <input_file_ref idref="fl-28"/>
      </object_component>
      <object_component id="oc-1e5">
         <name>.text:_system_pre_init</name>
         <load_address>0x1d20a</load_address>
         <run_address>0x1d20a</run_address>
         <size>0x4</size>
         <input_file_ref idref="fl-136"/>
      </object_component>
      <object_component id="oc-40e">
         <name>.text:abort:abort</name>
         <load_address>0x1d20e</load_address>
         <run_address>0x1d20e</run_address>
         <size>0x4</size>
         <input_file_ref idref="fl-138"/>
      </object_component>
      <object_component id="oc-4d3">
         <name>.const:crctttab</name>
         <load_address>0x1d214</load_address>
         <run_address>0x1d214</run_address>
         <size>0x200</size>
         <input_file_ref idref="fl-36"/>
      </object_component>
      <object_component id="oc-369">
         <name>.const:.string</name>
         <load_address>0x1d414</load_address>
         <run_address>0x1d414</run_address>
         <size>0x1fe</size>
         <input_file_ref idref="fl-2"/>
      </object_component>
      <object_component id="oc-269">
         <name>.const:g_pppui32XTALtoVCO</name>
         <load_address>0x1d614</load_address>
         <run_address>0x1d614</run_address>
         <size>0x1b0</size>
         <input_file_ref idref="fl-28"/>
      </object_component>
      <object_component id="oc-378">
         <name>.const:.string:_ctypes_</name>
         <load_address>0x1d7c4</load_address>
         <run_address>0x1d7c4</run_address>
         <size>0x101</size>
         <input_file_ref idref="fl-13d"/>
      </object_component>
      <object_component id="oc-2c3">
         <name>.const:g_ppui32GPIOIntMapSnowflake</name>
         <load_address>0x1d8c8</load_address>
         <run_address>0x1d8c8</run_address>
         <size>0xd8</size>
         <input_file_ref idref="fl-1c"/>
      </object_component>
      <object_component id="oc-2c0">
         <name>.const:g_ppui32GPIOIntMapBlizzard</name>
         <load_address>0x1d9a0</load_address>
         <run_address>0x1d9a0</run_address>
         <size>0xc0</size>
         <input_file_ref idref="fl-1c"/>
      </object_component>
      <object_component id="oc-30d">
         <name>.const:g_pui32Regs</name>
         <load_address>0x1da60</load_address>
         <run_address>0x1da60</run_address>
         <size>0x9c</size>
         <input_file_ref idref="fl-1f"/>
      </object_component>
      <object_component id="oc-2c6">
         <name>.const:g_pui32GPIOBaseAddrs</name>
         <load_address>0x1dafc</load_address>
         <run_address>0x1dafc</run_address>
         <size>0x90</size>
         <input_file_ref idref="fl-1c"/>
      </object_component>
      <object_component id="oc-263">
         <name>.const:g_pui32Xtals</name>
         <load_address>0x1db8c</load_address>
         <run_address>0x1db8c</run_address>
         <size>0x6c</size>
         <input_file_ref idref="fl-28"/>
      </object_component>
      <object_component id="oc-2e2">
         <name>.const:g_ppui32TimerIntMap</name>
         <load_address>0x1dbf8</load_address>
         <run_address>0x1dbf8</run_address>
         <size>0x60</size>
         <input_file_ref idref="fl-2b"/>
      </object_component>
      <object_component id="oc-37b">
         <name>.const:$O1$$</name>
         <load_address>0x1dc58</load_address>
         <run_address>0x1dc58</run_address>
         <size>0x58</size>
         <input_file_ref idref="fl-128"/>
      </object_component>
      <object_component id="oc-3ab">
         <name>.const:g_ppui32I2CIntMapSnowflake</name>
         <load_address>0x1dcb0</load_address>
         <run_address>0x1dcb0</run_address>
         <size>0x50</size>
         <input_file_ref idref="fl-1e"/>
      </object_component>
      <object_component id="oc-2e5">
         <name>.const:g_ppui32TimerIntMapSnowflake</name>
         <load_address>0x1dd00</load_address>
         <run_address>0x1dd00</run_address>
         <size>0x40</size>
         <input_file_ref idref="fl-2b"/>
      </object_component>
      <object_component id="oc-31e">
         <name>.const:g_ppui32UARTIntMap</name>
         <load_address>0x1dd40</load_address>
         <run_address>0x1dd40</run_address>
         <size>0x40</size>
         <input_file_ref idref="fl-2c"/>
      </object_component>
      <object_component id="oc-321">
         <name>.const:g_ppui32UARTIntMapSnowflake</name>
         <load_address>0x1dd80</load_address>
         <run_address>0x1dd80</run_address>
         <size>0x40</size>
         <input_file_ref idref="fl-2c"/>
      </object_component>
      <object_component id="oc-76e">
         <name>.const:.string:g_pui8ConfigString</name>
         <load_address>0x1ddc0</load_address>
         <run_address>0x1ddc0</run_address>
         <size>0x36</size>
         <input_file_ref idref="fl-3a"/>
      </object_component>
      <object_component id="oc-3eb">
         <name>.const:g_psUSBDStdRequests</name>
         <load_address>0x1ddf8</load_address>
         <run_address>0x1ddf8</run_address>
         <size>0x34</size>
         <input_file_ref idref="fl-42"/>
      </object_component>
      <object_component id="oc-3a8">
         <name>.const:g_ppui32I2CIntMap</name>
         <load_address>0x1de2c</load_address>
         <run_address>0x1de2c</run_address>
         <size>0x30</size>
         <input_file_ref idref="fl-1e"/>
      </object_component>
      <object_component id="oc-60b">
         <name>.const:g_sCDCHandlers</name>
         <load_address>0x1de5c</load_address>
         <run_address>0x1de5c</run_address>
         <size>0x30</size>
         <input_file_ref idref="fl-3d"/>
      </object_component>
      <object_component id="oc-25a">
         <name>.const:g_sXTALtoMEMTIM</name>
         <load_address>0x1de8c</load_address>
         <run_address>0x1de8c</run_address>
         <size>0x30</size>
         <input_file_ref idref="fl-28"/>
      </object_component>
      <object_component id="oc-76b">
         <name>.const:.string:g_pui8ControlInterfaceString</name>
         <load_address>0x1debc</load_address>
         <run_address>0x1debc</run_address>
         <size>0x2c</size>
         <input_file_ref idref="fl-3a"/>
      </object_component>
      <object_component id="oc-762">
         <name>.const:.string:g_pui8ManufacturerString</name>
         <load_address>0x1dee8</load_address>
         <run_address>0x1dee8</run_address>
         <size>0x24</size>
         <input_file_ref idref="fl-3a"/>
      </object_component>
      <object_component id="oc-835">
         <name>.const:.string:g_pui8CDCSerCommInterface</name>
         <load_address>0x1df0c</load_address>
         <run_address>0x1df0c</run_address>
         <size>0x23</size>
         <input_file_ref idref="fl-3d"/>
      </object_component>
      <object_component id="oc-765">
         <name>.const:.string:g_pui8ProductString</name>
         <load_address>0x1df2f</load_address>
         <run_address>0x1df2f</run_address>
         <size>0x22</size>
         <input_file_ref idref="fl-3a"/>
      </object_component>
      <object_component id="oc-30a">
         <name>.const:g_pui32Priority</name>
         <load_address>0x1df54</load_address>
         <run_address>0x1df54</run_address>
         <size>0x20</size>
         <input_file_ref idref="fl-1f"/>
      </object_component>
      <object_component id="oc-63a">
         <name>.const:g_ppui8StringDescriptors</name>
         <load_address>0x1df74</load_address>
         <run_address>0x1df74</run_address>
         <size>0x18</size>
         <input_file_ref idref="fl-3a"/>
      </object_component>
      <object_component id="oc-83a">
         <name>.const:.string:g_pui8CDCSerDataInterface</name>
         <load_address>0x1df8c</load_address>
         <run_address>0x1df8c</run_address>
         <size>0x17</size>
         <input_file_ref idref="fl-3d"/>
      </object_component>
      <object_component id="oc-83f">
         <name>.const:.string:g_pui8CDCSerDataInterfaceHS</name>
         <load_address>0x1dfa3</load_address>
         <run_address>0x1dfa3</run_address>
         <size>0x17</size>
         <input_file_ref idref="fl-3d"/>
      </object_component>
      <object_component id="oc-313">
         <name>.const:g_pui32Dii16Regs</name>
         <load_address>0x1dfbc</load_address>
         <run_address>0x1dfbc</run_address>
         <size>0x14</size>
         <input_file_ref idref="fl-1f"/>
      </object_component>
      <object_component id="oc-310">
         <name>.const:g_pui32EnRegs</name>
         <load_address>0x1dfd0</load_address>
         <run_address>0x1dfd0</run_address>
         <size>0x14</size>
         <input_file_ref idref="fl-1f"/>
      </object_component>
      <object_component id="oc-316">
         <name>.const:g_pui32PendRegs</name>
         <load_address>0x1dfe4</load_address>
         <run_address>0x1dfe4</run_address>
         <size>0x14</size>
         <input_file_ref idref="fl-1f"/>
      </object_component>
      <object_component id="oc-319">
         <name>.const:g_pui32UnpendRegs</name>
         <load_address>0x1dff8</load_address>
         <run_address>0x1dff8</run_address>
         <size>0x14</size>
         <input_file_ref idref="fl-1f"/>
      </object_component>
      <object_component id="oc-768">
         <name>.const:.string:g_pui8SerialNumberString</name>
         <load_address>0x1e00c</load_address>
         <run_address>0x1e00c</run_address>
         <size>0x12</size>
         <input_file_ref idref="fl-3a"/>
      </object_component>
      <object_component id="oc-33a">
         <name>.const:.string</name>
         <load_address>0x1e020</load_address>
         <run_address>0x1e020</run_address>
         <size>0x12</size>
         <input_file_ref idref="fl-5c"/>
      </object_component>
      <object_component id="oc-156">
         <name>.const:g_ui32UARTBase</name>
         <load_address>0x1e034</load_address>
         <run_address>0x1e034</run_address>
         <size>0xc</size>
         <input_file_ref idref="fl-5c"/>
      </object_component>
      <object_component id="oc-15c">
         <name>.const:g_ui32UARTInt</name>
         <load_address>0x1e040</load_address>
         <run_address>0x1e040</run_address>
         <size>0xc</size>
         <input_file_ref idref="fl-5c"/>
      </object_component>
      <object_component id="oc-159">
         <name>.const:g_ui32UARTPeriph</name>
         <load_address>0x1e04c</load_address>
         <run_address>0x1e04c</run_address>
         <size>0xc</size>
         <input_file_ref idref="fl-5c"/>
      </object_component>
      <object_component id="oc-266">
         <name>.const:g_pui32VCOFrequencies</name>
         <load_address>0x1e058</load_address>
         <run_address>0x1e058</run_address>
         <size>0x8</size>
         <input_file_ref idref="fl-28"/>
      </object_component>
      <object_component id="oc-74f">
         <name>.const:g_sCDCCompSerConfigHeader</name>
         <load_address>0x1e060</load_address>
         <run_address>0x1e060</run_address>
         <size>0x8</size>
         <input_file_ref idref="fl-3d"/>
      </object_component>
      <object_component id="oc-754">
         <name>.const:g_sCDCCompSerConfigHeaderHS</name>
         <load_address>0x1e068</load_address>
         <run_address>0x1e068</run_address>
         <size>0x8</size>
         <input_file_ref idref="fl-3d"/>
      </object_component>
      <object_component id="oc-81a">
         <name>.const:g_sCDCSerCommInterfaceSection</name>
         <load_address>0x1e070</load_address>
         <run_address>0x1e070</run_address>
         <size>0x8</size>
         <input_file_ref idref="fl-3d"/>
      </object_component>
      <object_component id="oc-745">
         <name>.const:g_sCDCSerConfigHeader</name>
         <load_address>0x1e078</load_address>
         <run_address>0x1e078</run_address>
         <size>0x8</size>
         <input_file_ref idref="fl-3d"/>
      </object_component>
      <object_component id="oc-74a">
         <name>.const:g_sCDCSerConfigHeaderHS</name>
         <load_address>0x1e080</load_address>
         <run_address>0x1e080</run_address>
         <size>0x8</size>
         <input_file_ref idref="fl-3d"/>
      </object_component>
      <object_component id="oc-817">
         <name>.const:g_sCDCSerConfigSection</name>
         <load_address>0x1e088</load_address>
         <run_address>0x1e088</run_address>
         <size>0x8</size>
         <input_file_ref idref="fl-3d"/>
      </object_component>
      <object_component id="oc-81d">
         <name>.const:g_sCDCSerDataInterfaceSection</name>
         <load_address>0x1e090</load_address>
         <run_address>0x1e090</run_address>
         <size>0x8</size>
         <input_file_ref idref="fl-3d"/>
      </object_component>
      <object_component id="oc-822">
         <name>.const:g_sCDCSerDataInterfaceSectionHS</name>
         <load_address>0x1e098</load_address>
         <run_address>0x1e098</run_address>
         <size>0x8</size>
         <input_file_ref idref="fl-3d"/>
      </object_component>
      <object_component id="oc-827">
         <name>.const:g_sIADSerConfigSection</name>
         <load_address>0x1e0a0</load_address>
         <run_address>0x1e0a0</run_address>
         <size>0x8</size>
         <input_file_ref idref="fl-3d"/>
      </object_component>
      <object_component id="oc-9a">
         <name>.const</name>
         <load_address>0x1e0a8</load_address>
         <run_address>0x1e0a8</run_address>
         <size>0x8</size>
         <input_file_ref idref="fl-c"/>
      </object_component>
      <object_component id="oc-75f">
         <name>.const:.string:g_pui8LangDescriptor</name>
         <load_address>0x1e0b0</load_address>
         <run_address>0x1e0b0</run_address>
         <size>0x4</size>
         <input_file_ref idref="fl-3a"/>
      </object_component>
      <object_component id="oc-617">
         <name>.const:g_pCDCCompSerConfigDescriptors</name>
         <load_address>0x1e0b4</load_address>
         <run_address>0x1e0b4</run_address>
         <size>0x4</size>
         <input_file_ref idref="fl-3d"/>
      </object_component>
      <object_component id="oc-61a">
         <name>.const:g_pCDCCompSerConfigDescriptorsHS</name>
         <load_address>0x1e0b8</load_address>
         <run_address>0x1e0b8</run_address>
         <size>0x4</size>
         <input_file_ref idref="fl-3d"/>
      </object_component>
      <object_component id="oc-611">
         <name>.const:g_ppCDCSerConfigDescriptors</name>
         <load_address>0x1e0bc</load_address>
         <run_address>0x1e0bc</run_address>
         <size>0x4</size>
         <input_file_ref idref="fl-3d"/>
      </object_component>
      <object_component id="oc-614">
         <name>.const:g_ppCDCSerConfigDescriptorsHS</name>
         <load_address>0x1e0c0</load_address>
         <run_address>0x1e0c0</run_address>
         <size>0x4</size>
         <input_file_ref idref="fl-3d"/>
      </object_component>
      <object_component id="oc-21c">
         <name>.const</name>
         <load_address>0x1e0c4</load_address>
         <run_address>0x1e0c4</run_address>
         <size>0x4</size>
         <input_file_ref idref="fl-a"/>
      </object_component>
      <object_component id="oc-16d">
         <name>.const</name>
         <load_address>0x1e0c8</load_address>
         <run_address>0x1e0c8</run_address>
         <size>0x4</size>
         <input_file_ref idref="fl-5c"/>
      </object_component>
      <object_component id="oc-87d">
         <name>.cinit..data.load</name>
         <load_address>0x1e0d0</load_address>
         <run_address>0x1e0d0</run_address>
         <size>0x16c</size>
      </object_component>
      <object_component id="oc-87a">
         <name>__TI_handler_table</name>
         <load_address>0x1e23c</load_address>
         <run_address>0x1e23c</run_address>
         <size>0xc</size>
      </object_component>
      <object_component id="oc-87e">
         <name>.cinit..bss.load</name>
         <load_address>0x1e248</load_address>
         <run_address>0x1e248</run_address>
         <size>0x8</size>
      </object_component>
      <object_component id="oc-87c">
         <name>.cinit..vtable.load</name>
         <load_address>0x1e250</load_address>
         <run_address>0x1e250</run_address>
         <size>0x8</size>
      </object_component>
      <object_component id="oc-87b">
         <name>__TI_cinit_table</name>
         <load_address>0x1e258</load_address>
         <run_address>0x1e258</run_address>
         <size>0x18</size>
      </object_component>
      <object_component id="oc-307">
         <name>.vtable</name>
         <uninitialized>true</uninitialized>
         <run_address>0x20000000</run_address>
         <size>0x26c</size>
         <input_file_ref idref="fl-1f"/>
      </object_component>
      <object_component id="oc-18f">
         <name>.data:g_psCmdTable</name>
         <load_address>0x200066c8</load_address>
         <run_address>0x200066c8</run_address>
         <size>0x9c</size>
         <input_file_ref idref="fl-2"/>
      </object_component>
      <object_component id="oc-e2">
         <name>.data</name>
         <load_address>0x20006981</load_address>
         <run_address>0x20006981</run_address>
         <size>0x1</size>
         <input_file_ref idref="fl-3"/>
      </object_component>
      <object_component id="oc-97">
         <name>.data</name>
         <load_address>0x200067c4</load_address>
         <run_address>0x200067c4</run_address>
         <size>0x3c</size>
         <input_file_ref idref="fl-a"/>
      </object_component>
      <object_component id="oc-2ef">
         <name>.data</name>
         <load_address>0x20006954</load_address>
         <run_address>0x20006954</run_address>
         <size>0xc</size>
         <input_file_ref idref="fl-b"/>
      </object_component>
      <object_component id="oc-a4">
         <name>.data</name>
         <load_address>0x20006948</load_address>
         <run_address>0x20006948</run_address>
         <size>0xc</size>
         <input_file_ref idref="fl-c"/>
      </object_component>
      <object_component id="oc-343">
         <name>.data</name>
         <load_address>0x200068b8</load_address>
         <run_address>0x200068b8</run_address>
         <size>0x14</size>
         <input_file_ref idref="fl-e"/>
      </object_component>
      <object_component id="oc-2d9">
         <name>.data</name>
         <load_address>0x20006921</load_address>
         <run_address>0x20006921</run_address>
         <size>0x3</size>
         <input_file_ref idref="fl-32"/>
      </object_component>
      <object_component id="oc-2d4">
         <name>.data</name>
         <load_address>0x200069ac</load_address>
         <run_address>0x200069ac</run_address>
         <size>0x4</size>
         <input_file_ref idref="fl-35"/>
      </object_component>
      <object_component id="oc-287">
         <name>.data</name>
         <load_address>0x200069a8</load_address>
         <run_address>0x200069a8</run_address>
         <size>0x4</size>
         <input_file_ref idref="fl-37"/>
      </object_component>
      <object_component id="oc-4a2">
         <name>.data</name>
         <load_address>0x20006914</load_address>
         <run_address>0x20006914</run_address>
         <size>0xd</size>
         <input_file_ref idref="fl-39"/>
      </object_component>
      <object_component id="oc-4a8">
         <name>.data:ConfigLinea</name>
         <load_address>0x200069a0</load_address>
         <run_address>0x200069a0</run_address>
         <size>0x7</size>
         <input_file_ref idref="fl-39"/>
      </object_component>
      <object_component id="oc-4ab">
         <name>.data:g_sCDCDevice</name>
         <load_address>0x20006764</load_address>
         <run_address>0x20006764</run_address>
         <size>0x60</size>
         <input_file_ref idref="fl-3a"/>
      </object_component>
      <object_component id="oc-49c">
         <name>.data:g_sRxBuffer</name>
         <load_address>0x20006800</load_address>
         <run_address>0x20006800</run_address>
         <size>0x38</size>
         <input_file_ref idref="fl-3a"/>
      </object_component>
      <object_component id="oc-4a5">
         <name>.data:g_sTxBuffer</name>
         <load_address>0x20006838</load_address>
         <run_address>0x20006838</run_address>
         <size>0x38</size>
         <input_file_ref idref="fl-3a"/>
      </object_component>
      <object_component id="oc-60e">
         <name>.data:g_pui8CDCSerDeviceDescriptor</name>
         <load_address>0x200068e0</load_address>
         <run_address>0x200068e0</run_address>
         <size>0x12</size>
         <input_file_ref idref="fl-3d"/>
      </object_component>
      <object_component id="oc-61d">
         <name>.data:g_pui8CDCSerDescriptor</name>
         <load_address>0x20006978</load_address>
         <run_address>0x20006978</run_address>
         <size>0x9</size>
         <input_file_ref idref="fl-3d"/>
      </object_component>
      <object_component id="oc-844">
         <name>.data:g_pui8IADSerDescriptor</name>
         <load_address>0x2000698d</load_address>
         <run_address>0x2000698d</run_address>
         <size>0x8</size>
         <input_file_ref idref="fl-3d"/>
      </object_component>
      <object_component id="oc-7dc">
         <name>.data:g_psCDCSerSections</name>
         <load_address>0x20006930</load_address>
         <run_address>0x20006930</run_address>
         <size>0xc</size>
         <input_file_ref idref="fl-3d"/>
      </object_component>
      <object_component id="oc-7e1">
         <name>.data:g_psCDCSerSectionsHS</name>
         <load_address>0x2000693c</load_address>
         <run_address>0x2000693c</run_address>
         <size>0xc</size>
         <input_file_ref idref="fl-3d"/>
      </object_component>
      <object_component id="oc-7e6">
         <name>.data:g_psCDCCompSerSections</name>
         <load_address>0x200068f4</load_address>
         <run_address>0x200068f4</run_address>
         <size>0x10</size>
         <input_file_ref idref="fl-3d"/>
      </object_component>
      <object_component id="oc-7eb">
         <name>.data:g_psCDCCompSerSectionsHS</name>
         <load_address>0x20006904</load_address>
         <run_address>0x20006904</run_address>
         <size>0x10</size>
         <input_file_ref idref="fl-3d"/>
      </object_component>
      <object_component id="oc-608">
         <name>.data</name>
         <load_address>0x200068f2</load_address>
         <run_address>0x200068f2</run_address>
         <size>0x2</size>
         <input_file_ref idref="fl-3d"/>
      </object_component>
      <object_component id="oc-3e2">
         <name>.data</name>
         <load_address>0x20006998</load_address>
         <run_address>0x20006998</run_address>
         <size>0x8</size>
         <input_file_ref idref="fl-42"/>
      </object_component>
      <object_component id="oc-721">
         <name>.data</name>
         <load_address>0x200068cc</load_address>
         <run_address>0x200068cc</run_address>
         <size>0x14</size>
         <input_file_ref idref="fl-4f"/>
      </object_component>
      <object_component id="oc-733">
         <name>.data:g_sUSBHEP0State</name>
         <load_address>0x200068a0</load_address>
         <run_address>0x200068a0</run_address>
         <size>0x18</size>
         <input_file_ref idref="fl-4f"/>
      </object_component>
      <object_component id="oc-3df">
         <name>.data</name>
         <load_address>0x20006984</load_address>
         <run_address>0x20006984</run_address>
         <size>0x9</size>
         <input_file_ref idref="fl-55"/>
      </object_component>
      <object_component id="oc-3fa">
         <name>.data</name>
         <load_address>0x2000696c</load_address>
         <run_address>0x2000696c</run_address>
         <size>0xc</size>
         <input_file_ref idref="fl-57"/>
      </object_component>
      <object_component id="oc-256">
         <name>.data:g_pui32CPUUsageTimerPeriph</name>
         <load_address>0x20006888</load_address>
         <run_address>0x20006888</run_address>
         <size>0x18</size>
         <input_file_ref idref="fl-5b"/>
      </object_component>
      <object_component id="oc-250">
         <name>.data:g_pui32CPUUsageTimerBase</name>
         <load_address>0x20006870</load_address>
         <run_address>0x20006870</run_address>
         <size>0x18</size>
         <input_file_ref idref="fl-5b"/>
      </object_component>
      <object_component id="oc-15f">
         <name>.data</name>
         <load_address>0x20006960</load_address>
[...]
         <value>0x17529</value>
         <object_component_ref idref="oc-490"/>
      </symbol>
      <symbol id="sm-214b">
         <name>USBDualModeInit</name>
         <value>0x172cb</value>
         <object_component_ref idref="oc-490"/>
      </symbol>
      <symbol id="sm-214c">
         <name>USBDualModeTerm</name>
         <value>0x17349</value>
         <object_component_ref idref="oc-490"/>
      </symbol>
      <symbol id="sm-214d">
         <name>g_iUSBMode</name>
         <value>0x20006984</value>
         <object_component_ref idref="oc-3df"/>
      </symbol>
      <symbol id="sm-214e">
         <name>USBOTGModeInit</name>
         <value>0x173d3</value>
         <object_component_ref idref="oc-490"/>
      </symbol>
      <symbol id="sm-214f">
         <name>USBStackModeSet</name>
         <value>0x17235</value>
         <object_component_ref idref="oc-490"/>
      </symbol>
      <symbol id="sm-2150">
         <name>g_ui32WaitTicks</name>
         <value>0x20006988</value>
         <object_component_ref idref="oc-3df"/>
      </symbol>
      <symbol id="sm-2151">
         <name>USBOTGPollRate</name>
         <value>0x174f9</value>
         <object_component_ref idref="oc-490"/>
      </symbol>
      <symbol id="sm-2152">
         <name>OTGDeviceDisconnect</name>
         <value>0x17611</value>
         <object_component_ref idref="oc-490"/>
      </symbol>
      <symbol id="sm-2153">
         <name>USBOTGFeatureSet</name>
         <value>0x176c9</value>
         <object_component_ref idref="oc-490"/>
      </symbol>
      <symbol id="sm-21aa">
         <name>USBRingBufWrite</name>
         <value>0x184bf</value>
         <object_component_ref idref="oc-5f4"/>
      </symbol>
      <symbol id="sm-21ab">
         <name>USBRingBufContigUsed</name>
         <value>0x18241</value>
         <object_component_ref idref="oc-5f4"/>
      </symbol>
      <symbol id="sm-21ac">
         <name>USBRingBufFlush</name>
         <value>0x181b7</value>
         <object_component_ref idref="oc-5f4"/>
      </symbol>
      <symbol id="sm-21ad">
         <name>USBRingBufAdvanceWrite</name>
         <value>0x183e9</value>
         <object_component_ref idref="oc-5f4"/>
      </symbol>
      <symbol id="sm-21ae">
         <name>USBRingBufWriteOne</name>
         <value>0x18479</value>
         <object_component_ref idref="oc-5f4"/>
      </symbol>
      <symbol id="sm-21af">
         <name>USBRingBufUsed</name>
         <value>0x181e3</value>
         <object_component_ref idref="oc-5f4"/>
      </symbol>
      <symbol id="sm-21b0">
         <name>USBRingBufFree</name>
         <value>0x1821d</value>
         <object_component_ref idref="oc-5f4"/>
      </symbol>
      <symbol id="sm-21b1">
         <name>USBRingBufAdvanceRead</name>
         <value>0x18393</value>
         <object_component_ref idref="oc-5f4"/>
      </symbol>
      <symbol id="sm-21b2">
         <name>USBRingBufFull</name>
         <value>0x18143</value>
         <object_component_ref idref="oc-5f4"/>
      </symbol>
      <symbol id="sm-21b3">
         <name>USBRingBufReadOne</name>
         <value>0x182d7</value>
         <object_component_ref idref="oc-5f4"/>
      </symbol>
      <symbol id="sm-21b4">
         <name>USBRingBufEmpty</name>
         <value>0x18185</value>
         <object_component_ref idref="oc-5f4"/>
      </symbol>
      <symbol id="sm-21b5">
         <name>USBRingBufSize</name>
         <value>0x182bf</value>
         <object_component_ref idref="oc-5f4"/>
      </symbol>
      <symbol id="sm-21b6">
         <name>USBRingBufInit</name>
         <value>0x18535</value>
         <object_component_ref idref="oc-5f4"/>
      </symbol>
      <symbol id="sm-21b7">
         <name>USBRingBufRead</name>
         <value>0x1831d</value>
         <object_component_ref idref="oc-5f4"/>
      </symbol>
      <symbol id="sm-21b8">
         <name>USBRingBufContigFree</name>
         <value>0x18279</value>
         <object_component_ref idref="oc-5f4"/>
      </symbol>
      <symbol id="sm-21e1">
         <name>g_pfnTickHandlers</name>
         <value>0x20006554</value>
      </symbol>
      <symbol id="sm-21e2">
         <name>g_pvTickInstance</name>
         <value>0x2000656c</value>
      </symbol>
      <symbol id="sm-21e3">
         <name>g_ui32USBSOFCount</name>
         <value>0x20006974</value>
         <object_component_ref idref="oc-3fa"/>
      </symbol>
      <symbol id="sm-21e4">
         <name>InternalUSBTickReset</name>
         <value>0x1c283</value>
         <object_component_ref idref="oc-3d5"/>
      </symbol>
      <symbol id="sm-21e5">
         <name>g_bUSBTimerInitialized</name>
         <value>0x2000696c</value>
         <object_component_ref idref="oc-3fa"/>
      </symbol>
      <symbol id="sm-21e6">
         <name>g_ui32CurrentUSBTick</name>
         <value>0x20006970</value>
         <object_component_ref idref="oc-3fa"/>
      </symbol>
      <symbol id="sm-21e7">
         <name>InternalUSBStartOfFrameTick</name>
         <value>0x1c2db</value>
         <object_component_ref idref="oc-3d5"/>
      </symbol>
      <symbol id="sm-21e8">
         <name>InternalUSBRegisterTickHandler</name>
         <value>0x1c28b</value>
         <object_component_ref idref="oc-3d5"/>
      </symbol>
      <symbol id="sm-21e9">
         <name>InternalUSBTickInit</name>
         <value>0x1c245</value>
         <object_component_ref idref="oc-3d5"/>
      </symbol>
      <symbol id="sm-21f6">
         <name>ULPIPowerTransceiver</name>
         <value>0x1c57f</value>
         <object_component_ref idref="oc-3c9"/>
      </symbol>
      <symbol id="sm-21f7">
         <name>ULPIConfigSet</name>
         <value>0x1c4dd</value>
         <object_component_ref idref="oc-3c9"/>
      </symbol>
      <symbol id="sm-2211">
         <name>GetOverflowCounts</name>
         <value>0x1d0a1</value>
         <object_component_ref idref="oc-21f"/>
      </symbol>
      <symbol id="sm-2212">
         <name>vConfigureTimerForRunTimeStats</name>
         <value>0x1ca95</value>
         <object_component_ref idref="oc-213"/>
      </symbol>
      <symbol id="sm-2232">
         <name>CmdLineProcess</name>
         <value>0x1c659</value>
         <object_component_ref idref="oc-1a5"/>
      </symbol>
      <symbol id="sm-2262">
         <name>CPUUsageInit</name>
         <value>0x1bd1f</value>
         <object_component_ref idref="oc-b8"/>
      </symbol>
      <symbol id="sm-2263">
         <name>CPUUsageTick</name>
         <value>0x1bce1</value>
         <object_component_ref idref="oc-b8"/>
      </symbol>
      <symbol id="sm-236d">
         <name>UARTTxBytesFree</name>
         <value>0x13aef</value>
         <object_component_ref idref="oc-3e"/>
      </symbol>
      <symbol id="sm-236e">
         <name>UARTFlushRx</name>
         <value>0x13afb</value>
         <object_component_ref idref="oc-3e"/>
      </symbol>
      <symbol id="sm-236f">
         <name>UARTgetc</name>
         <value>0x13785</value>
         <object_component_ref idref="oc-3e"/>
      </symbol>
      <symbol id="sm-2370">
         <name>UARTgets</name>
         <value>0x13325</value>
         <object_component_ref idref="oc-3e"/>
      </symbol>
      <symbol id="sm-2371">
         <name>UARTFlushTx</name>
         <value>0x13b09</value>
         <object_component_ref idref="oc-3e"/>
      </symbol>
      <symbol id="sm-2372">
         <name>UARTStdioConfig</name>
         <value>0x1312f</value>
         <object_component_ref idref="oc-3e"/>
      </symbol>
      <symbol id="sm-2373">
         <name>UARTStdioIntHandler</name>
         <value>0x13b57</value>
         <object_component_ref idref="oc-3e"/>
      </symbol>
      <symbol id="sm-2374">
         <name>UARTRxBytesAvail</name>
         <value>0x13ae3</value>
         <object_component_ref idref="oc-3e"/>
      </symbol>
      <symbol id="sm-2375">
         <name>UARTwrite</name>
         <value>0x1325b</value>
         <object_component_ref idref="oc-3e"/>
      </symbol>
      <symbol id="sm-2376">
         <name>UARTEchoSet</name>
         <value>0x13b2f</value>
         <object_component_ref idref="oc-3e"/>
      </symbol>
      <symbol id="sm-2377">
         <name>UARTprintf</name>
         <value>0x13abf</value>
         <object_component_ref idref="oc-3e"/>
      </symbol>
      <symbol id="sm-2378">
         <name>UARTvprintf</name>
         <value>0x137ad</value>
         <object_component_ref idref="oc-3e"/>
      </symbol>
      <symbol id="sm-239f">
         <name>g_internalAddress</name>
         <value>0x20006924</value>
         <object_component_ref idref="oc-383"/>
      </symbol>
      <symbol id="sm-23a0">
         <name>ACMEsim_I2C1SlaveIntHandler</name>
         <value>0x1b153</value>
         <object_component_ref idref="oc-19e"/>
      </symbol>
      <symbol id="sm-23a1">
         <name>ACMEsim_SlaveEnable</name>
         <value>0x1b095</value>
         <object_component_ref idref="oc-19e"/>
      </symbol>
      <symbol id="sm-23a2">
         <name>ACMEsim_InitSlave</name>
         <value>0x1b0b7</value>
         <object_component_ref idref="oc-19e"/>
      </symbol>
      <symbol id="sm-23a3">
         <name>ACMEsim_SlaveDisable</name>
         <value>0x1b09b</value>
         <object_component_ref idref="oc-19e"/>
      </symbol>
      <symbol id="sm-23a4">
         <name>g_internalData</name>
         <value>0x20006928</value>
         <object_component_ref idref="oc-383"/>
      </symbol>
      <symbol id="sm-23cb">
         <name>sprintf</name>
         <value>0x1ce71</value>
         <object_component_ref idref="oc-183"/>
      </symbol>
      <symbol id="sm-23e2">
         <name>__aeabi_dsub</name>
         <value>0x1b665</value>
         <object_component_ref idref="oc-10b"/>
      </symbol>
      <symbol id="sm-23e3">
         <name>__aeabi_dadd</name>
         <value>0x1b66f</value>
         <object_component_ref idref="oc-10b"/>
      </symbol>
      <symbol id="sm-23f7">
         <name>__aeabi_ddiv</name>
         <value>0x1b959</value>
         <object_component_ref idref="oc-106"/>
      </symbol>
      <symbol id="sm-2401">
         <name>__aeabi_d2uiz</name>
         <value>0x1cded</value>
         <object_component_ref idref="oc-110"/>
      </symbol>
      <symbol id="sm-240b">
         <name>__aeabi_f2ulz</name>
         <value>0x1ccc5</value>
         <object_component_ref idref="oc-2cb"/>
      </symbol>
      <symbol id="sm-2426">
         <name>memcpy</name>
         <value>0x1c705</value>
         <object_component_ref idref="oc-64"/>
      </symbol>
      <symbol id="sm-2427">
         <name>__aeabi_memcpy</name>
         <value>0x1c705</value>
         <object_component_ref idref="oc-64"/>
      </symbol>
      <symbol id="sm-2428">
         <name>__aeabi_memcpy8</name>
         <value>0x1c705</value>
         <object_component_ref idref="oc-64"/>
      </symbol>
      <symbol id="sm-2429">
         <name>__aeabi_memcpy4</name>
         <value>0x1c705</value>
         <object_component_ref idref="oc-64"/>
      </symbol>
      <symbol id="sm-2433">
         <name>__aeabi_ui2d</name>
         <value>0x1d0e9</value>
         <object_component_ref idref="oc-101"/>
      </symbol>
      <symbol id="sm-2442">
         <name>__aeabi_memset</name>
         <value>0x1c945</value>
         <object_component_ref idref="oc-1df"/>
      </symbol>
      <symbol id="sm-2443">
         <name>memset</name>
         <value>0x1c94b</value>
         <object_component_ref idref="oc-1df"/>
      </symbol>
      <symbol id="sm-2444">
         <name>__aeabi_memset8</name>
         <value>0x1c945</value>
         <object_component_ref idref="oc-1df"/>
      </symbol>
      <symbol id="sm-2445">
         <name>__aeabi_memset4</name>
         <value>0x1c945</value>
         <object_component_ref idref="oc-1df"/>
      </symbol>
      <symbol id="sm-2446">
         <name>__aeabi_memclr8</name>
         <value>0x1c943</value>
         <object_component_ref idref="oc-1df"/>
      </symbol>
      <symbol id="sm-2447">
         <name>__aeabi_memclr4</name>
         <value>0x1c943</value>
         <object_component_ref idref="oc-1df"/>
      </symbol>
      <symbol id="sm-2448">
         <name>__aeabi_memclr</name>
         <value>0x1c943</value>
         <object_component_ref idref="oc-1df"/>
      </symbol>
      <symbol id="sm-2457">
         <name>__aeabi_uidivmod</name>
         <value>0x1ce31</value>
         <object_component_ref idref="oc-168"/>
      </symbol>
      <symbol id="sm-2458">
         <name>__aeabi_uidiv</name>
         <value>0x1ce31</value>
         <object_component_ref idref="oc-168"/>
      </symbol>
      <symbol id="sm-246a">
         <name>__TI_zero_init</name>
         <value>0x1d1e5</value>
         <object_component_ref idref="oc-76"/>
      </symbol>
      <symbol id="sm-2481">
         <name>__TI_decompress_none</name>
         <value>0x1d1d7</value>
         <object_component_ref idref="oc-1b"/>
      </symbol>
      <symbol id="sm-24a4">
         <name>__TI_decompress_lzss</name>
         <value>0x1cafd</value>
         <object_component_ref idref="oc-15"/>
      </symbol>
      <symbol id="sm-24b3">
         <name>strcmp</name>
         <value>0x1d16f</value>
         <object_component_ref idref="oc-386"/>
      </symbol>
      <symbol id="sm-24c1">
         <name>strcpy</name>
         <value>0x1d19d</value>
         <object_component_ref idref="oc-22c"/>
      </symbol>
      <symbol id="sm-24cf">
         <name>strlen</name>
         <value>0x1d1b1</value>
         <object_component_ref idref="oc-19f"/>
      </symbol>
      <symbol id="sm-24df">
         <name>strncmp</name>
         <value>0x1d073</value>
         <object_component_ref idref="oc-189"/>
      </symbol>
      <symbol id="sm-2531">
         <name>strtof</name>
         <value>0x191f5</value>
         <object_component_ref idref="oc-192"/>
      </symbol>
      <symbol id="sm-2551">
         <name>strtoul</name>
         <value>0x1c039</value>
         <object_component_ref idref="oc-198"/>
      </symbol>
      <symbol id="sm-2564">
         <name>__stack</name>
         <value>0x200069b8</value>
         <object_component_ref idref="oc-24"/>
      </symbol>
      <symbol id="sm-2565">
         <name>_c_int00_noargs</name>
         <value>0x1d011</value>
         <object_component_ref idref="oc-82"/>
      </symbol>
      <symbol id="sm-257b">
         <name>__aeabi_errno_addr</name>
         <value>0x1d1fd</value>
         <object_component_ref idref="oc-36c"/>
      </symbol>
      <symbol id="sm-257c">
         <name>errno</name>
         <value>0x200069b0</value>
         <object_component_ref idref="oc-571"/>
      </symbol>
      <symbol id="sm-25a3">
         <name>scalbnf</name>
         <value>0x1c40d</value>
         <object_component_ref idref="oc-372"/>
      </symbol>
      <symbol id="sm-25a4">
         <name>ldexpf</name>
         <value>0x1c40d</value>
         <object_component_ref idref="oc-372"/>
      </symbol>
      <symbol id="sm-2709">
         <name>__TI_printfi</name>
         <value>0x14769</value>
         <object_component_ref idref="oc-34e"/>
      </symbol>
      <symbol id="sm-2716">
         <name>copysignf</name>
         <value>0x1d157</value>
         <object_component_ref idref="oc-576"/>
      </symbol>
      <symbol id="sm-2720">
         <name>__aeabi_idiv0</name>
         <value>0x151b7</value>
         <object_component_ref idref="oc-334"/>
      </symbol>
      <symbol id="sm-2721">
         <name>__aeabi_ldiv0</name>
         <value>0x151b7</value>
         <object_component_ref idref="oc-334"/>
      </symbol>
      <symbol id="sm-2743">
         <name>__aeabi_cdcmpeq</name>
         <value>0x1c837</value>
         <object_component_ref idref="oc-536"/>
      </symbol>
      <symbol id="sm-2744">
         <name>__aeabi_cdcmple</name>
         <value>0x1c837</value>
         <object_component_ref idref="oc-536"/>
      </symbol>
      <symbol id="sm-2745">
         <name>__aeabi_cdrcmple</name>
         <value>0x1c8bd</value>
         <object_component_ref idref="oc-65d"/>
      </symbol>
      <symbol id="sm-2750">
         <name>__aeabi_dmul</name>
         <value>0x1c149</value>
         <object_component_ref idref="oc-658"/>
      </symbol>
      <symbol id="sm-275a">
         <name>__aeabi_d2iz</name>
         <value>0x1cd61</value>
         <object_component_ref idref="oc-662"/>
      </symbol>
      <symbol id="sm-2764">
         <name>__aeabi_i2d</name>
         <value>0x1d045</value>
         <object_component_ref idref="oc-66d"/>
      </symbol>
      <symbol id="sm-2771">
         <name>__aeabi_uldivmod</name>
         <value>0x1c7a1</value>
         <object_component_ref idref="oc-651"/>
      </symbol>
      <symbol id="sm-2799">
         <name>__TI_auto_init_nobinit_nopinit</name>
         <value>0x1cda9</value>
         <object_component_ref idref="oc-41a"/>
      </symbol>
      <symbol id="sm-27a3">
         <name>_system_pre_init</name>
         <value>0x1d20b</value>
         <object_component_ref idref="oc-1e5"/>
      </symbol>
      <symbol id="sm-27af">
         <name>C$$EXIT</name>
         <value>0x1d20f</value>
         <object_component_ref idref="oc-40e"/>
      </symbol>
      <symbol id="sm-27b0">
         <name>abort</name>
         <value>0x1d20f</value>
         <object_component_ref idref="oc-40e"/>
      </symbol>
      <symbol id="sm-27c0">
         <name>__TI_ltoa</name>
         <value>0x1cc1f</value>
         <object_component_ref idref="oc-667"/>
      </symbol>
      <symbol id="sm-27d7">
         <name>atoi</name>
         <value>0x1cd15</value>
         <object_component_ref idref="oc-52a"/>
      </symbol>
      <symbol id="sm-27e2">
         <name>_ctypes_</name>
         <value>0x1d7c4</value>
         <object_component_ref idref="oc-378"/>
      </symbol>
      <symbol id="sm-27f2">
         <name>memccpy</name>
         <value>0x1d109</value>
         <object_component_ref idref="oc-553"/>
      </symbol>
      <symbol id="sm-2802">
         <name>strchr</name>
         <value>0x1d187</value>
         <object_component_ref idref="oc-699"/>
      </symbol>
      <symbol id="sm-281b">
         <name>wcslen</name>
         <value>0x1d1c5</value>
         <object_component_ref idref="oc-559"/>
      </symbol>
      <symbol id="sm-2831">
         <name>frexpl</name>
         <value>0x1cb65</value>
         <object_component_ref idref="oc-68d"/>
      </symbol>
      <symbol id="sm-2832">
         <name>frexp</name>
         <value>0x1cb65</value>
         <object_component_ref idref="oc-68d"/>
      </symbol>
      <symbol id="sm-284f">
         <name>scalbn</name>
         <value>0x1bf29</value>
         <object_component_ref idref="oc-693"/>
      </symbol>
      <symbol id="sm-2850">
         <name>scalbnl</name>
         <value>0x1bf29</value>
         <object_component_ref idref="oc-693"/>
      </symbol>
      <symbol id="sm-2851">
         <name>ldexpl</name>
         <value>0x1bf29</value>
         <object_component_ref idref="oc-693"/>
      </symbol>
      <symbol id="sm-2852">
         <name>ldexp</name>
         <value>0x1bf29</value>
         <object_component_ref idref="oc-693"/>
      </symbol>
      <symbol id="sm-285c">
         <name>copysign</name>
         <value>0x1d125</value>
         <object_component_ref idref="oc-782"/>
      </symbol>
      <symbol id="sm-285d">
         <name>copysignl</name>
         <value>0x1d125</value>
         <object_component_ref idref="oc-782"/>
      </symbol>
      <symbol id="sm-285e">
         <name>__TI_static_base__</name>
         <value>0x0</value>
      </symbol>
      <symbol id="sm-2861">
         <name>__mpu_init</name>
         <value>0x0</value>
      </symbol>
      <symbol id="sm-2862">
         <name>_system_post_cinit</name>
         <value>0x0</value>
      </symbol>
   </symbol_table>
   <title>Link successful</title>
</link_info>
