******************************************************************************
                  TI ARM Linker PC v20.2.7                     
******************************************************************************
>> Linked Sat Jul 27 17:45:26 2024

OUTPUT FILE NAME:   <base-practica1-TIVA-2023-ADC.out>
ENTRY POINT SYMBOL: "_c_int00_noargs"  address: 0001d011


MEMORY CONFIGURATION

         name            origin    length      used     unused   attr    fill
----------------------  --------  ---------  --------  --------  ----  --------
  FLASH                 00000000   00040000  0001e26a  00021d96  R  X
  SRAM                  20000000   00008000  00006bb1  0000144f  RW X


SEGMENT ALLOCATION MAP

run origin  load origin   length   init length attrs members
----------  ----------- ---------- ----------- ----- -------
00000000    00000000    0001e270   0001e270    r-x
  00000000    00000000    0000026c   0000026c    r-- .intvecs
  0000026c    0000026c    0001cfa6   0001cfa6    r-x .text
  0001d214    0001d214    00000eb8   00000eb8    r-- .const
  0001e0d0    0001e0d0    000001a0   000001a0    r-- .cinit
20000000    20000000    00006bb8   00000000    rw-
  20000000    20000000    0000026c   00000000    rw- .vtable
  2000026c    2000026c    00006459   00000000    rw- .bss
  200066c8    200066c8    000002ec   00000000    rw- .data
  200069b8    200069b8    00000200   00000000    rw- .stack


SECTION ALLOCATION MAP

 output                                  attributes/
section   page    origin      length       input sections
--------  ----  ----------  ----------   ----------------
.intvecs   0    00000000    0000026c     
                  00000000    0000026c     startup_ccs.obj (.intvecs)

.text      0    0000026c    0001cfa6     
                  0000026c    00003084     usbhostenum.obj (.text)
                  000032f0    00002870     tasks.obj (.text)
                  00005b60    0000238c     usb.obj (.text)
                  00007eec    00001688     sysctl.obj (.text)
                  00009574    00001570     usbdenum.obj (.text)
                  0000aae4    00001288     gpio.obj (.text)
                  0000bd6c    00001040     adc.obj (.text)
                  0000cdac    00000fdc     usbdcdc.obj (.text)
                  0000dd88    00000fa8     usbdma.obj (.text)
                  0000ed30    00000fa0     queue.obj (.text)
                  0000fcd0    00000e60     i2cm_drv.obj (.text)
                  00010b30    00000d20     timer.obj (.text)
                  00011850    00000ccc     commands.obj (.text)
                  0001251c    00000bb8     i2c.obj (.text)
                  000130d4    00000b8c     uartstdio.obj (.text)
                  00013c60    00000b08     uart.obj (.text)
                  00014768    00000a4e     rtsv7M4_T_le_v4SPD16_eabi.lib : _printfi.c.obj (.text:__TI_printfi)
                  000151b6    00000002                                   : div0.asm.obj (.text)
                  000151b8    000009a4     main.obj (.text)
                  00015b5c    00000924     usbhhub.obj (.text)
                  00016480    0000079c     timers.obj (.text)
                  00016c1c    00000598     usbbuffer.obj (.text)
                  000171b4    00000570     usbmode.obj (.text)
                  00017724    00000544     event_groups.obj (.text)
                  00017c68    00000490     interrupt.obj (.text)
                  000180f8    0000048c     usbringbuf.obj (.text)
                  00018584    00000478     heap_4.obj (.text)
                  000189fc    0000042c     rgb.obj (.text)
                  00018e28    000003cc     usb_dev_serial.obj (.text)
                  000191f4    000003c8     rtsv7M4_T_le_v4SPD16_eabi.lib : strtof.c.obj (.text:strtof)
                  000195bc    000003bc     usbdconfig.obj (.text)
                  00019978    00000354     BMI160.obj (.text)
                  00019ccc    00000300     configADC.obj (.text)
                  00019fcc    000002f2     serialprotocol.obj (.text)
                  0001a2be    00000002     --HOLE-- [fill = 0]
                  0001a2c0    000002e0     ACME_3416.obj (.text)
                  0001a5a0    000002de     usbdcdesc.obj (.text)
                  0001a87e    00000002     --HOLE-- [fill = 0]
                  0001a880    000002d4     remotelink.obj (.text)
                  0001ab54    000002d0     port.obj (.text)
                  0001ae24    00000270     rtsv7M4_T_le_v4SPD16_eabi.lib : _printfi.c.obj (.text:_pconv_a)
                  0001b094    0000022c     ACMEsim.lib : ACMESim_i2c_slave.obj (.text)
                  0001b2c0    000001d2     usbdesc.obj (.text)
                  0001b492    00000002     --HOLE-- [fill = 0]
                  0001b494    000001d0     rtsv7M4_T_le_v4SPD16_eabi.lib : _printfi.c.obj (.text:_pconv_g)
                  0001b664    000001b6                                   : fd_add_t2.asm.obj (.text)
                  0001b81a    00000002     --HOLE-- [fill = 0]
                  0001b81c    0000013c                                   : _printfi.c.obj (.text:_pconv_e)
                  0001b958    00000136                                   : fd_div_t2.asm.obj (.text)
                  0001ba8e    0000012a     list.obj (.text)
                  0001bbb8    00000128     buttons.obj (.text)
                  0001bce0    00000124     cpu_usage.obj (.text)
                  0001be04    00000124     rtsv7M4_T_le_v4SPD16_eabi.lib : _printfi.c.obj (.text:fcvt)
                  0001bf28    00000110                                   : s_scalbn.c.obj (.text:scalbn)
                  0001c038    00000110                                   : strtoul.c.obj (.text:strtoul)
                  0001c148    000000fc                                   : fd_mul_t2.asm.obj (.text)
                  0001c244    000000ec     usbtick.obj (.text)
                  0001c330    000000da     portasm.obj (.text)
                  0001c40a    00000002     --HOLE-- [fill = 0]
                  0001c40c    000000d0     rtsv7M4_T_le_v4SPD16_eabi.lib : s_scalbnf.c.obj (.text:scalbnf)
                  0001c4dc    000000c8     usbulpi.obj (.text)
                  0001c5a4    000000b1     rtsv7M4_T_le_v4SPD16_eabi.lib : _printfi.c.obj (.text:_ltostr)
                  0001c655    00000003     --HOLE-- [fill = 0]
                  0001c658    000000ac     cmdline.obj (.text)
                  0001c704    0000009c     rtsv7M4_T_le_v4SPD16_eabi.lib : memcpy_t2.asm.obj (.text)
                  0001c7a0    00000096                                   : ull_div_t2.asm.obj (.text)
                  0001c836    00000086                                   : fd_cmp_t2.asm.obj (.text:__aeabi_cdcmple)
                  0001c8bc    00000086                                   : fd_cmp_t2.asm.obj (.text:__aeabi_cdrcmple)
                  0001c942    0000007a                                   : memset_t2.asm.obj (.text)
                  0001c9bc    0000006e                                   : _printfi.c.obj (.text:_mcpy)
                  0001ca2a    00000002     --HOLE-- [fill = 0]
                  0001ca2c    00000068     crc.obj (.text)
                  0001ca94    00000068     RunTimeStatsConfig.obj (.text)
                  0001cafc    00000068     rtsv7M4_T_le_v4SPD16_eabi.lib : copy_decompress_lzss.c.obj (.text:decompress:lzss:__TI_decompress_lzss)
                  0001cb64    00000064                                   : s_frexp.c.obj (.text:frexp)
                  0001cbc8    00000056                                   : _printfi.c.obj (.text:_pconv_f)
                  0001cc1e    00000054                                   : _ltoa.c.obj (.text:__TI_ltoa)
                  0001cc72    00000052                                   : _printfi.c.obj (.text:_ecpy)
                  0001ccc4    00000050                                   : fs_toull_t2.asm.obj (.text)
                  0001cd14    0000004c                                   : atoi.c.obj (.text:atoi)
                  0001cd60    00000048                                   : fd_toi_t2.asm.obj (.text)
                  0001cda8    00000044                                   : autoinit.c.obj (.text:__TI_auto_init_nobinit_nopinit:__TI_auto_init_nobinit_nopinit)
                  0001cdec    00000044                                   : fd_tou_t2.asm.obj (.text)
                  0001ce30    00000040                                   : u_divt2.asm.obj (.text)
                  0001ce70    00000040                                   : sprintf.c.obj (.text:sprintf)
                  0001ceb0    00000040     startup_ccs.obj (.text)
                  0001cef0    0000003e     rtsv7M4_T_le_v4SPD16_eabi.lib : _printfi.c.obj (.text:_fcpy)
                  0001cf2e    0000003e     cpu.obj (.text)
                  0001cf6c    00000036     commands.obj (.text:I2CMRead)
                  0001cfa2    00000036     commands.obj (.text:I2CMWrite)
                  0001cfd8    00000036     commands.obj (.text:I2CMWriteBatched)
                  0001d00e    00000002     --HOLE-- [fill = 0]
                  0001d010    00000034     rtsv7M4_T_le_v4SPD16_eabi.lib : boot_cortex_m.c.obj (.text:_c_int00_noargs:_c_int00_noargs)
                  0001d044    0000002e                                   : i_tofd_t2.asm.obj (.text)
                  0001d072    0000002c                                   : strncmp.c.obj (.text:strncmp)
                  0001d09e    00000002     --HOLE-- [fill = 0]
                  0001d0a0    00000024     RunTimeStatsConfig.obj (.text:GetOverflowCounts)
                  0001d0c4    00000024     usbdhandler.obj (.text)
                  0001d0e8    00000020     rtsv7M4_T_le_v4SPD16_eabi.lib : u_tofd_t2.asm.obj (.text)
                  0001d108    0000001c                                   : memccpy.c.obj (.text:memccpy)
                  0001d124    0000001a                                   : s_copysign.c.obj (.text:copysign)
                  0001d13e    00000018                                   : sprintf.c.obj (.text:_outs)
                  0001d156    00000018                                   : s_copysignf.c.obj (.text:copysignf)
                  0001d16e    00000018                                   : strcmp.c.obj (.text:strcmp)
                  0001d186    00000016                                   : strchr.c.obj (.text:strchr)
                  0001d19c    00000014                                   : strcpy.c.obj (.text:strcpy)
                  0001d1b0    00000014                                   : strlen.c.obj (.text:strlen)
                  0001d1c4    00000012                                   : wcslen.c.obj (.text:wcslen)
                  0001d1d6    0000000e                                   : copy_decompress_none.c.obj (.text:decompress:none:__TI_decompress_none)
                  0001d1e4    0000000c                                   : copy_zero_init.c.obj (.text:decompress:ZI:__TI_zero_init)
                  0001d1f0    0000000a                                   : sprintf.c.obj (.text:_outc)
                  0001d1fa    00000002     --HOLE-- [fill = 0]
                  0001d1fc    00000008                                   : errno.c.obj (.text:__aeabi_errno_addr)
                  0001d204    00000006     sysctl.obj (.text:SysCtlDelay)
                  0001d20a    00000004     rtsv7M4_T_le_v4SPD16_eabi.lib : pre_init.c.obj (.text:_system_pre_init)
                  0001d20e    00000004                                   : exit.c.obj (.text:abort:abort)

.const     0    0001d214    00000eb8     
                  0001d214    00000200     crc.obj (.const:crctttab)
                  0001d414    000001fe     commands.obj (.const:.string)
                  0001d612    00000002     --HOLE-- [fill = 0]
                  0001d614    000001b0     sysctl.obj (.const:g_pppui32XTALtoVCO)
                  0001d7c4    00000101     rtsv7M4_T_le_v4SPD16_eabi.lib : ctype.c.obj (.const:.string:_ctypes_)
                  0001d8c5    00000003     --HOLE-- [fill = 0]
                  0001d8c8    000000d8     gpio.obj (.const:g_ppui32GPIOIntMapSnowflake)
                  0001d9a0    000000c0     gpio.obj (.const:g_ppui32GPIOIntMapBlizzard)
                  0001da60    0000009c     interrupt.obj (.const:g_pui32Regs)
                  0001dafc    00000090     gpio.obj (.const:g_pui32GPIOBaseAddrs)
                  0001db8c    0000006c     sysctl.obj (.const:g_pui32Xtals)
                  0001dbf8    00000060     timer.obj (.const:g_ppui32TimerIntMap)
                  0001dc58    00000058     rtsv7M4_T_le_v4SPD16_eabi.lib : strtof.c.obj (.const:$O1$$)
                  0001dcb0    00000050     i2c.obj (.const:g_ppui32I2CIntMapSnowflake)
                  0001dd00    00000040     timer.obj (.const:g_ppui32TimerIntMapSnowflake)
                  0001dd40    00000040     uart.obj (.const:g_ppui32UARTIntMap)
                  0001dd80    00000040     uart.obj (.const:g_ppui32UARTIntMapSnowflake)
                  0001ddc0    00000036     usb_serial_structs.obj (.const:.string:g_pui8ConfigString)
                  0001ddf6    00000002     --HOLE-- [fill = 0]
                  0001ddf8    00000034     usbdenum.obj (.const:g_psUSBDStdRequests)
                  0001de2c    00000030     i2c.obj (.const:g_ppui32I2CIntMap)
                  0001de5c    00000030     usbdcdc.obj (.const:g_sCDCHandlers)
                  0001de8c    00000030     sysctl.obj (.const:g_sXTALtoMEMTIM)
                  0001debc    0000002c     usb_serial_structs.obj (.const:.string:g_pui8ControlInterfaceString)
                  0001dee8    00000024     usb_serial_structs.obj (.const:.string:g_pui8ManufacturerString)
                  0001df0c    00000023     usbdcdc.obj (.const:.string:g_pui8CDCSerCommInterface)
                  0001df2f    00000022     usb_serial_structs.obj (.const:.string:g_pui8ProductString)
                  0001df51    00000003     --HOLE-- [fill = 0]
                  0001df54    00000020     interrupt.obj (.const:g_pui32Priority)
                  0001df74    00000018     usb_serial_structs.obj (.const:g_ppui8StringDescriptors)
                  0001df8c    00000017     usbdcdc.obj (.const:.string:g_pui8CDCSerDataInterface)
                  0001dfa3    00000017     usbdcdc.obj (.const:.string:g_pui8CDCSerDataInterfaceHS)
                  0001dfba    00000002     --HOLE-- [fill = 0]
                  0001dfbc    00000014     interrupt.obj (.const:g_pui32Dii16Regs)
                  0001dfd0    00000014     interrupt.obj (.const:g_pui32EnRegs)
                  0001dfe4    00000014     interrupt.obj (.const:g_pui32PendRegs)
                  0001dff8    00000014     interrupt.obj (.const:g_pui32UnpendRegs)
                  0001e00c    00000012     usb_serial_structs.obj (.const:.string:g_pui8SerialNumberString)
                  0001e01e    00000002     --HOLE-- [fill = 0]
                  0001e020    00000012     uartstdio.obj (.const:.string)
                  0001e032    00000002     --HOLE-- [fill = 0]
                  0001e034    0000000c     uartstdio.obj (.const:g_ui32UARTBase)
                  0001e040    0000000c     uartstdio.obj (.const:g_ui32UARTInt)
                  0001e04c    0000000c     uartstdio.obj (.const:g_ui32UARTPeriph)
                  0001e058    00000008     sysctl.obj (.const:g_pui32VCOFrequencies)
                  0001e060    00000008     usbdcdc.obj (.const:g_sCDCCompSerConfigHeader)
                  0001e068    00000008     usbdcdc.obj (.const:g_sCDCCompSerConfigHeaderHS)
                  0001e070    00000008     usbdcdc.obj (.const:g_sCDCSerCommInterfaceSection)
                  0001e078    00000008     usbdcdc.obj (.const:g_sCDCSerConfigHeader)
                  0001e080    00000008     usbdcdc.obj (.const:g_sCDCSerConfigHeaderHS)
                  0001e088    00000008     usbdcdc.obj (.const:g_sCDCSerConfigSection)
                  0001e090    00000008     usbdcdc.obj (.const:g_sCDCSerDataInterfaceSection)
                  0001e098    00000008     usbdcdc.obj (.const:g_sCDCSerDataInterfaceSectionHS)
                  0001e0a0    00000008     usbdcdc.obj (.const:g_sIADSerConfigSection)
                  0001e0a8    00000008     port.obj (.const)
                  0001e0b0    00000004     usb_serial_structs.obj (.const:.string:g_pui8LangDescriptor)
                  0001e0b4    00000004     usbdcdc.obj (.const:g_pCDCCompSerConfigDescriptors)
                  0001e0b8    00000004     usbdcdc.obj (.const:g_pCDCCompSerConfigDescriptorsHS)
                  0001e0bc    00000004     usbdcdc.obj (.const:g_ppCDCSerConfigDescriptors)
                  0001e0c0    00000004     usbdcdc.obj (.const:g_ppCDCSerConfigDescriptorsHS)
                  0001e0c4    00000004     tasks.obj (.const)
                  0001e0c8    00000004     uartstdio.obj (.const)

.cinit     0    0001e0d0    000001a0     
                  0001e0d0    0000016c     (.cinit..data.load) [load image, compression = lzss]
                  0001e23c    0000000c     (__TI_handler_table)
                  0001e248    00000008     (.cinit..bss.load) [load image, compression = zero_init]
                  0001e250    00000008     (.cinit..vtable.load) [load image, compression = zero_init]
                  0001e258    00000018     (__TI_cinit_table)

.init_array 
*          0    00000000    00000000     UNINITIALIZED

.vtable    0    20000000    0000026c     UNINITIALIZED
                  20000000    0000026c     interrupt.obj (.vtable)

.bss       0    2000026c    00006459     UNINITIALIZED
                  2000026c    00005000     heap_4.obj (.bss:ucHeap)
                  2000526c    000006cc     usbhostenum.obj (.bss:g_sUSBHCD)
                  20005938    00000200     remotelink.obj (.bss:Rxframe)
                  20005b38    00000200     remotelink.obj (.bss:Txframe)
                  20005d38    00000200     uartstdio.obj (.bss:g_pcUARTRxHistoryBuffer)
                  20005f38    00000140     tasks.obj (.bss:pxReadyTasksLists)
                  20006078    00000110     usbdma.obj (.bss:g_psUSBDMAInst)
                  20006188    00000100     (.common:g_pui8USBRxBuffer)
                  20006288    00000100     (.common:g_pui8USBTxBuffer)
                  20006388    0000009c     usbhhub.obj (.bss:g_sRootHub)
                  20006424    00000050     (.common:g_psDCDInst)
                  20006474    00000040     usbdenum.obj (.bss:g_pui8DataBufferIn)
                  200064b4    0000002c     commands.obj (.bss:g_sI2CInst)
                  200064e0    00000024     cmdline.obj (.bss:g_ppcArgv)
                  20006504    00000020     uartstdio.obj (.bss:g_usUARTRxHistoryOffset)
                  20006524    00000018     usbhostenum.obj (.bss:g_pi32USBHActiveDriver)
                  2000653c    00000018     usbhostenum.obj (.bss:g_ppvDriverInstance)
                  20006554    00000018     (.common:g_pfnTickHandlers)
                  2000656c    00000018     (.common:g_pvTickInstance)
                  20006584    00000014     main.obj (.bss)
                  20006598    00000014     uartstdio.obj (.bss)
                  200065ac    00000014     timers.obj (.bss:xActiveTimerList1)
                  200065c0    00000014     timers.obj (.bss:xActiveTimerList2)
                  200065d4    00000014     tasks.obj (.bss:xDelayedTaskList1)
                  200065e8    00000014     tasks.obj (.bss:xDelayedTaskList2)
                  200065fc    00000014     tasks.obj (.bss:xPendingReadyList)
                  20006610    00000014     tasks.obj (.bss:xSuspendedTaskList)
                  20006624    00000014     tasks.obj (.bss:xTasksWaitingTermination)
                  20006638    0000000c     cpu_usage.obj (.bss)
                  20006644    0000000c     rgb.obj (.bss:g_ui32Colors)
                  20006650    00000008     ACME_3416.obj (.bss:ACME_data)
                  20006658    00000008     BMI160.obj (.bss:BMI160_data)
                  20006660    00000008     configADC.obj (.bss)
                  20006668    00000008     usbhostenum.obj (.bss:g_pui32Alloc)
                  20006670    00000008     adc.obj (.bss:g_pui8OversampleFactor)
                  20006678    00000008     tasks.obj (.bss)
                  20006680    00000008     timers.obj (.bss)
                  20006688    00000008     usb_dev_serial.obj (.bss)
                  20006690    00000008     usbhhub.obj (.bss)
                  20006698    00000008     heap_4.obj (.bss:xStart)
                  200066a0    00000004     remotelink.obj (.bss)
                  200066a4    00000004     rgb.obj (.bss)
                  200066a8    00000004     usbdenum.obj (.bss)
                  200066ac    00000004     usbhostenum.obj (.bss)
                  200066b0    00000004     usbmode.obj (.bss)
                  200066b4    00000004     (.common:g_ppsDevInfo)
                  200066b8    00000004     (.common:g_ui32CPUUsage)
                  200066bc    00000004     (.common:g_ui32PollRate)
                  200066c0    00000004     (.common:g_ulSystemClock)
                  200066c4    00000001     (.common:g_eOTGModeState)

.data      0    200066c8    000002ec     UNINITIALIZED
                  200066c8    0000009c     commands.obj (.data:g_psCmdTable)
                  20006764    00000060     usb_serial_structs.obj (.data:g_sCDCDevice)
                  200067c4    0000003c     tasks.obj (.data)
                  20006800    00000038     usb_serial_structs.obj (.data:g_sRxBuffer)
                  20006838    00000038     usb_serial_structs.obj (.data:g_sTxBuffer)
                  20006870    00000018     cpu_usage.obj (.data:g_pui32CPUUsageTimerBase)
                  20006888    00000018     cpu_usage.obj (.data:g_pui32CPUUsageTimerPeriph)
                  200068a0    00000018     usbhostenum.obj (.data:g_sUSBHEP0State)
                  200068b8    00000014     heap_4.obj (.data)
                  200068cc    00000014     usbhostenum.obj (.data)
                  200068e0    00000012     usbdcdc.obj (.data:g_pui8CDCSerDeviceDescriptor)
                  200068f2    00000002     usbdcdc.obj (.data)
                  200068f4    00000010     usbdcdc.obj (.data:g_psCDCCompSerSections)
                  20006904    00000010     usbdcdc.obj (.data:g_psCDCCompSerSectionsHS)
                  20006914    0000000d     usb_dev_serial.obj (.data)
                  20006921    00000003     buttons.obj (.data)
                  20006924    0000000c     ACMEsim.lib : ACMESim_i2c_slave.obj (.data:$O1$$)
                  20006930    0000000c     usbdcdc.obj (.data:g_psCDCSerSections)
                  2000693c    0000000c     usbdcdc.obj (.data:g_psCDCSerSectionsHS)
                  20006948    0000000c     port.obj (.data)
                  20006954    0000000c     timers.obj (.data)
                  20006960    0000000c     uartstdio.obj (.data)
                  2000696c    0000000c     usbtick.obj (.data)
                  20006978    00000009     usbdcdc.obj (.data:g_pui8CDCSerDescriptor)
                  20006981    00000001     main.obj (.data)
                  20006982    00000002     --HOLE--
                  20006984    00000009     usbmode.obj (.data)
                  2000698d    00000008     usbdcdc.obj (.data:g_pui8IADSerDescriptor)
                  20006995    00000003     --HOLE--
                  20006998    00000008     usbdenum.obj (.data)
                  200069a0    00000007     usb_dev_serial.obj (.data:ConfigLinea)
                  200069a7    00000001     --HOLE--
                  200069a8    00000004     remotelink.obj (.data)
                  200069ac    00000004     rgb.obj (.data)
                  200069b0    00000004     rtsv7M4_T_le_v4SPD16_eabi.lib : errno.c.obj (.data)

.stack     0    200069b8    00000200     UNINITIALIZED
                  200069b8    00000004     rtsv7M4_T_le_v4SPD16_eabi.lib : boot_cortex_m.c.obj (.stack)
                  200069bc    000001fc     --HOLE--

__llvm_prf_cnts 
*          0    20000000    00000000     UNINITIALIZED

MODULE SUMMARY

       Module                       code     ro data   rw data
       ------                       ----     -------   -------
    .\
       commands.obj                 3438     510       200    
       main.obj                     2468     0         29     
       startup_ccs.obj              64       620       0      
    +--+----------------------------+--------+---------+---------+
       Total:                       5970     1130      229    
                                                              
    .\FreeRTOS\Source\
       tasks.obj                    10352    4         488    
       queue.obj                    4000     0         0      
       timers.obj                   1948     0         60     
       event_groups.obj             1348     0         0      
       list.obj                     298      0         0      
    +--+----------------------------+--------+---------+---------+
       Total:                       17946    4         548    
                                                              
    .\FreeRTOS\Source\portable\CCS\ARM_CM4F\
       port.obj                     720      8         12     
       portasm.obj                  218      0         0      
    +--+----------------------------+--------+---------+---------+
       Total:                       938      8         12     
                                                              
    .\FreeRTOS\Source\portable\MemMang\
       heap_4.obj                   1144     0         20508  
    +--+----------------------------+--------+---------+---------+
       Total:                       1144     0         20508  
                                                              
    .\driverlib\
       usb.obj                      9100     0         0      
       sysctl.obj                   5774     596       0      
       gpio.obj                     4744     552       0      
       adc.obj                      4160     0         8      
       timer.obj                    3360     160       0      
       i2c.obj                      3000     128       0      
       uart.obj                     2824     128       0      
       interrupt.obj                1168     268       620    
       cpu.obj                      62       0         0      
    +--+----------------------------+--------+---------+---------+
       Total:                       34192    1832      628    
                                                              
    .\drivers\
       i2cm_drv.obj                 3680     0         0      
       rgb.obj                      1068     0         20     
       BMI160.obj                   852      0         8      
       configADC.obj                768      0         8      
       ACME_3416.obj                736      0         8      
       buttons.obj                  296      0         3      
    +--+----------------------------+--------+---------+---------+
       Total:                       7400     0         47     
                                                              
    .\remotelink\
       remotelink.obj               724      0         1032   
       usb_dev_serial.obj           972      0         28     
       usb_serial_structs.obj       0        214       720    
       serialprotocol.obj           754      0         0      
       crc.obj                      104      512       0      
    +--+----------------------------+--------+---------+---------+
       Total:                       2554     726       1780   
                                                              
    .\usblib\
       usbdma.obj                   4008     0         272    
       usbbuffer.obj                1432     0         0      
       usbmode.obj                  1392     0         18     
       usbringbuf.obj               1164     0         0      
       usbdesc.obj                  466      0         0      
       usbtick.obj                  236      0         60     
       usbulpi.obj                  200      0         0      
    +--+----------------------------+--------+---------+---------+
       Total:                       8898     0         350    
                                                              
    .\usblib\device\
       usbdenum.obj                 5488     52        160    
       usbdcdc.obj                  4060     217       93     
       usbdconfig.obj               956      0         0      
       usbdcdesc.obj                734      0         0      
       usbdhandler.obj              36       0         0      
    +--+----------------------------+--------+---------+---------+
       Total:                       11274    269       253    
                                                              
    .\usblib\host\
       usbhostenum.obj              12420    0         1844   
       usbhhub.obj                  2340     0         164    
    +--+----------------------------+--------+---------+---------+
       Total:                       14760    0         2008   
                                                              
    .\utils\
       uartstdio.obj                2956     58        576    
       cpu_usage.obj                292      0         60     
       cmdline.obj                  172      0         36     
       RunTimeStatsConfig.obj       140      0         0      
    +--+----------------------------+--------+---------+---------+
       Total:                       3560     58        672    
                                                              
    ../emul/ACMEsim.lib
       ACMESim_i2c_slave.obj        556      0         12     
    +--+----------------------------+--------+---------+---------+
       Total:                       556      0         12     
                                                              
    C:\ti\ccs1230\ccs\tools\compiler\ti-cgt-arm_20.2.7.LTS\lib\rtsv7M4_T_le_v4SPD16_eabi.lib
       _printfi.c.obj               4851     0         0      
       strtof.c.obj                 968      88        0      
       fd_add_t2.asm.obj            438      0         0      
       fd_div_t2.asm.obj            310      0         0      
       s_scalbn.c.obj               272      0         0      
       strtoul.c.obj                272      0         0      
       fd_cmp_t2.asm.obj            268      0         0      
       ctype.c.obj                  0        257       0      
       fd_mul_t2.asm.obj            252      0         0      
       s_scalbnf.c.obj              208      0         0      
       memcpy_t2.asm.obj            156      0         0      
       ull_div_t2.asm.obj           150      0         0      
       memset_t2.asm.obj            122      0         0      
       copy_decompress_lzss.c.obj   104      0         0      
       s_frexp.c.obj                100      0         0      
       sprintf.c.obj                98       0         0      
       _ltoa.c.obj                  84       0         0      
       fs_toull_t2.asm.obj          80       0         0      
       atoi.c.obj                   76       0         0      
       fd_toi_t2.asm.obj            72       0         0      
       autoinit.c.obj               68       0         0      
       fd_tou_t2.asm.obj            68       0         0      
       u_divt2.asm.obj              64       0         0      
       boot_cortex_m.c.obj          52       0         0      
       i_tofd_t2.asm.obj            46       0         0      
       strncmp.c.obj                44       0         0      
       u_tofd_t2.asm.obj            32       0         0      
       memccpy.c.obj                28       0         0      
       s_copysign.c.obj             26       0         0      
       s_copysignf.c.obj            24       0         0      
       strcmp.c.obj                 24       0         0      
       strchr.c.obj                 22       0         0      
       strcpy.c.obj                 20       0         0      
       strlen.c.obj                 20       0         0      
       wcslen.c.obj                 18       0         0      
       copy_decompress_none.c.obj   14       0         0      
       copy_zero_init.c.obj         12       0         0      
       errno.c.obj                  8        0         4      
       exit.c.obj                   4        0         0      
       pre_init.c.obj               4        0         0      
       div0.asm.obj                 2        0         0      
    +--+----------------------------+--------+---------+---------+
       Total:                       9481     345       4      
                                                              
       Stack:                       0        0         512    
       Linker Generated:            0        416       0      
    +--+----------------------------+--------+---------+---------+
       Grand Total:                 118673   4788      27563  


LINKER GENERATED COPY TABLES

__TI_cinit_table @ 0001e258 records: 3, size/record: 8, table size: 24
	.data: load addr=0001e0d0, load size=0000016c bytes, run addr=200066c8, run size=000002ec bytes, compression=lzss
	.bss: load addr=0001e248, load size=00000008 bytes, run addr=2000026c, run size=00006459 bytes, compression=zero_init
	.vtable: load addr=0001e250, load size=00000008 bytes, run addr=20000000, run size=0000026c bytes, compression=zero_init


LINKER GENERATED HANDLER TABLE

__TI_handler_table @ 0001e23c records: 3, size/record: 4, table size: 12
	index: 0, handler: __TI_zero_init
	index: 1, handler: __TI_decompress_lzss
	index: 2, handler: __TI_decompress_none


GLOBAL SYMBOLS: SORTED ALPHABETICALLY BY Name 

address   name                                 
-------   ----                                 
0001a2c1  ACMEAppCallback                      
0001a395  ACME_Read                            
0001a343  ACME_Write                           
0001a2e7  ACME_WriteAndRead                    
0001a50f  ACME_clearInt                        
0001a3e7  ACME_initDevice                      
0001a57b  ACME_read                            
0001a55f  ACME_readInt                         
0001a4f3  ACME_readPin                         
0001a531  ACME_setIntType                      
0001a4af  ACME_setPinDir                       
0001a4d1  ACME_writePin                        
0001b153  ACMEsim_I2C1SlaveIntHandler          
0001b0b7  ACMEsim_InitSlave                    
0001b09b  ACMEsim_SlaveDisable                 
0001b095  ACMEsim_SlaveEnable                  
0000ccbb  ADCBusy                              
0000cd51  ADCClockConfigGet                    
0000ccf5  ADCClockConfigSet                    
0000c843  ADCComparatorConfigure               
0000ca25  ADCComparatorIntClear                
0000c979  ADCComparatorIntDisable              
0000c9bd  ADCComparatorIntEnable               
0000ca01  ADCComparatorIntStatus               
0000c889  ADCComparatorRegionSet               
0000c901  ADCComparatorReset                   
0000c7c9  ADCHardwareOversampleConfigure       
0000bf7f  ADCIntClear                          
0000caf5  ADCIntClearEx                        
0000be71  ADCIntDisable                        
0000ca51  ADCIntDisableEx                      
0000beaf  ADCIntEnable                         
0000ca7f  ADCIntEnableEx                       
0000bdc7  ADCIntRegister                       
0000befb  ADCIntStatus                         
0000caad  ADCIntStatusEx                       
0000be21  ADCIntUnregister                     
0000cc13  ADCPhaseDelayGet                     
0000cb79  ADCPhaseDelaySet                     
0000c479  ADCProcessorTrigger                  
0000cb51  ADCReferenceGet                      
0000cb07  ADCReferenceSet                      
0000c055  ADCSequenceConfigure                 
0000cc79  ADCSequenceDMADisable                
0000cc37  ADCSequenceDMAEnable                 
0000c407  ADCSequenceDataGet                   
0000c00d  ADCSequenceDisable                   
0000bfbb  ADCSequenceEnable                    
0000c30d  ADCSequenceOverflow                  
0000c351  ADCSequenceOverflowClear             
0000c1b9  ADCSequenceStepConfigure             
0000c38d  ADCSequenceUnderflow                 
0000c3cb  ADCSequenceUnderflowClear            
0000c4c7  ADCSoftwareOversampleConfigure       
0000c6c1  ADCSoftwareOversampleDataGet         
0000c56b  ADCSoftwareOversampleStepConfigure   
00019979  BMI160AppCallback                    
00019bd5  BMI160_getAcceleration               
00019b8f  BMI160_getDeviceID                   
00019c79  BMI160_getRegister                   
00019c27  BMI160_getRotation                   
0001999f  BMI160_i2c_transfer                  
00019afb  BMI160_initialize                    
000199ef  BMI160_reg_read                      
00019ab9  BMI160_reg_read_bits                 
00019a19  BMI160_reg_write                     
00019a4b  BMI160_reg_write_bits                
00019bc3  BMI160_setFullScaleAccelRange        
00019bb1  BMI160_setFullScaleGyroRange         
00019c89  BMI160_setRegister                   
00019b99  BMI160_testConnection                
0001bc5f  ButtonsInit                          
0001bbb9  ButtonsPoll                          
0001d20f  C$$EXIT                              
0001bd1f  CPUUsageInit                         
0001bce1  CPUUsageTick                         
0001cf63  CPUbasepriGet                        
0001cf55  CPUbasepriSet                        
0001cf2f  CPUcpsid                             
0001cf45  CPUcpsie                             
0001cf3b  CPUprimask                           
0001cf51  CPUwfi                               
0001c659  CmdLineProcess                       
0000026d  ConfigDescAlloc                      
00000303  ConfigDescFree                       
0000bcfb  GPIOADCTriggerDisable                
0000bccf  GPIOADCTriggerEnable                 
0000bca3  GPIODMATriggerDisable                
0000bc77  GPIODMATriggerEnable                 
0000acc1  GPIODirModeGet                       
0000ac3d  GPIODirModeSet                       
00015a85  GPIOFIntHandler                      
0000b491  GPIOIntClear                         
0000b439  GPIOIntDisable                       
0000b411  GPIOIntEnable                        
00015abf  GPIOIntHandler_PA3                   
0000b4b3  GPIOIntRegister                      
0000b531  GPIOIntRegisterPin                   
0000b461  GPIOIntStatus                        
0000aee5  GPIOIntTypeGet                       
0000ad95  GPIOIntTypeSet                       
0000b4f1  GPIOIntUnregister                    
0000b5a9  GPIOIntUnregisterPin                 
0000b27d  GPIOPadConfigGet                     
0000af89  GPIOPadConfigSet                     
0000bbf1  GPIOPinConfigure                     
0000b5fb  GPIOPinRead                          
0000b64f  GPIOPinTypeADC                       
0000b685  GPIOPinTypeCAN                       
0000b6bb  GPIOPinTypeComparator                
0000b6f1  GPIOPinTypeComparatorOutput          
0000b727  GPIOPinTypeDIVSCLK                   
0000b75d  GPIOPinTypeEPI                       
0000b793  GPIOPinTypeEthernetLED               
0000b7c9  GPIOPinTypeEthernetMII               
0000b80d  GPIOPinTypeGPIOInput                 
0000b843  GPIOPinTypeGPIOOutput                
0000b879  GPIOPinTypeGPIOOutputOD              
0000b8af  GPIOPinTypeHibernateRTCCLK           
0000b8e5  GPIOPinTypeI2C                       
0000b91b  GPIOPinTypeI2CSCL                    
0000b951  GPIOPinTypeLCD                       
0000b987  GPIOPinTypeOneWire                   
0000b9bd  GPIOPinTypePWM                       
0000b9f3  GPIOPinTypeQEI                       
0000ba29  GPIOPinTypeSSI                       
0000ba5f  GPIOPinTypeTimer                     
0000ba95  GPIOPinTypeTrace                     
0000bacb  GPIOPinTypeUART                      
0000bb05  GPIOPinTypeUSBAnalog                 
0000bb3b  GPIOPinTypeUSBDigital                
0000bb71  GPIOPinTypeWakeHigh                  
0000bba9  GPIOPinTypeWakeLow                   
0000bbe1  GPIOPinWakeStatus                    
0000b621  GPIOPinWrite                         
0000bd27  GPIOUnlockPin                        
0001d0a1  GetOverflowCounts                    
000122a5  I2CDriver_ISR                        
0001221b  I2CDriver_Open                       
00012f4f  I2CFIFODataGet                       
00012f77  I2CFIFODataGetNonBlocking            
00012ee9  I2CFIFODataPut                       
00012f19  I2CFIFODataPutNonBlocking            
00012ecb  I2CFIFOStatus                        
000127e1  I2CIntRegister                       
0001284d  I2CIntUnregister                     
0001309b  I2CLoopbackEnable                    
00010421  I2CMCommand                          
00010319  I2CMInit                             
000101e5  I2CMIntHandler                       
0001cf6d  I2CMRead                             
000109b9  I2CMRead16BE                         
000107a5  I2CMReadModifyWrite16LE              
0001063d  I2CMReadModifyWrite8                 
00010517  I2CMTransferResume                   
0001cfa3  I2CMWrite                            
00010a9b  I2CMWrite16BE                        
000108d1  I2CMWrite8                           
0001cfd9  I2CMWriteBatched                     
00012fdd  I2CMasterBurstCountGet               
00012fab  I2CMasterBurstLengthSet              
00012bbf  I2CMasterBusBusy                     
00012b99  I2CMasterBusy                        
00012be5  I2CMasterControl                     
00012cf1  I2CMasterDataGet                     
00012ccd  I2CMasterDataPut                     
0001276d  I2CMasterDisable                     
0001271d  I2CMasterEnable                      
00012c93  I2CMasterErr                         
00012ff9  I2CMasterGlitchFilterConfigSet       
000125ed  I2CMasterInitExpClk                  
00012aaf  I2CMasterIntClear                    
00012ad9  I2CMasterIntClearEx                  
0001292d  I2CMasterIntDisable                  
0001294b  I2CMasterIntDisableEx                
00012889  I2CMasterIntEnable                   
000128a7  I2CMasterIntEnableEx                 
000129bf  I2CMasterIntStatus                   
00012a07  I2CMasterIntStatusEx                 
00012b7d  I2CMasterLineStateGet                
00012b3b  I2CMasterSlaveAddrSet                
00012d0d  I2CMasterTimeoutSet                  
00012e6f  I2CRxFIFOConfigSet                   
00012ea5  I2CRxFIFOFlush                       
00012d31  I2CSlaveACKOverride                  
00012d71  I2CSlaveACKValueSet                  
000126ad  I2CSlaveAddressSet                   
00012df5  I2CSlaveDataGet                      
00012dcf  I2CSlaveDataPut                      
00012791  I2CSlaveDisable                      
00012741  I2CSlaveEnable                       
0001307b  I2CSlaveFIFODisable                  
00013055  I2CSlaveFIFOEnable                   
0001266f  I2CSlaveInit                         
00012af9  I2CSlaveIntClear                     
00012b19  I2CSlaveIntClearEx                   
00012971  I2CSlaveIntDisable                   
00012997  I2CSlaveIntDisableEx                 
000128d5  I2CSlaveIntEnable                    
00012905  I2CSlaveIntEnableEx                  
00012a33  I2CSlaveIntStatus                    
00012a7f  I2CSlaveIntStatusEx                  
00012db1  I2CSlaveStatus                       
00012e13  I2CTxFIFOConfigSet                   
00012e49  I2CTxFIFOFlush                       
00017e95  IntDisable                           
00017e17  IntEnable                            
00017f1d  IntIsEnabled                         
00017c7b  IntMasterDisable                     
00017c6b  IntMasterEnable                      
00018041  IntPendClear                         
00017fd1  IntPendSet                           
00017de1  IntPriorityGet                       
00017d47  IntPriorityGroupingGet               
00017d21  IntPriorityGroupingSet               
000180a7  IntPriorityMaskGet                   
0001809b  IntPriorityMaskSet                   
00017d7f  IntPrioritySet                       
00017c8b  IntRegister                          
000180af  IntTrigger                           
00017d01  IntUnregister                        
000025c1  InternalUSBHCDSendEvent              
0001c28b  InternalUSBRegisterTickHandler       
0001c2db  InternalUSBStartOfFrameTick          
0001c245  InternalUSBTickInit                  
0001c283  InternalUSBTickReset                 
00017611  OTGDeviceDisconnect                  
0000cff5  ProcessDataFromHost                  
0000d105  ProcessDataToHost                    
0000d0a3  ProcessNotificationToHost            
000189fd  RGBBlinkIntHandler                   
00018d11  RGBBlinkRateSet                      
00018d9d  RGBColorGet                          
00018c53  RGBColorSet                          
00018bdd  RGBDisable                           
00018b25  RGBEnable                            
00018a2b  RGBInit                              
00018cfd  RGBIntensitySet                      
00018c3b  RGBSet                               
0001ceb1  ResetISR                             
000094ff  SysCtlAltClkConfig                   
00008ac5  SysCtlClockFreqSet                   
00008fa5  SysCtlClockGet                       
000094c7  SysCtlClockOutConfig                 
00008dcd  SysCtlClockSet                       
000089ad  SysCtlDeepSleep                      
0000917d  SysCtlDeepSleepClockConfigSet        
00009161  SysCtlDeepSleepClockSet              
0000898d  SysCtlDeepSleepPowerSet              
0001d205  SysCtlDelay                          
000082b1  SysCtlFlashSectorSizeGet             
00008285  SysCtlFlashSizeGet                   
00009351  SysCtlGPIOAHBDisable                 
000092cd  SysCtlGPIOAHBEnable                  
000088a1  SysCtlIntClear                       
00008889  SysCtlIntDisable                     
00008875  SysCtlIntEnable                      
00008851  SysCtlIntRegister                    
000088b1  SysCtlIntStatus                      
00008865  SysCtlIntUnregister                  
00008973  SysCtlLDODeepSleepGet                
00008925  SysCtlLDODeepSleepSet                
0000891b  SysCtlLDOSleepGet                    
000088cd  SysCtlLDOSleepSet                    
000089e9  SysCtlMOSCConfigSet                  
000094b3  SysCtlNMIClear                       
000094ad  SysCtlNMIStatus                      
000089f9  SysCtlPIOSCCalibrate                 
00009299  SysCtlPWMClockGet                    
00009229  SysCtlPWMClockSet                    
000087fd  SysCtlPeripheralClockGating          
000087af  SysCtlPeripheralDeepSleepDisable     
00008761  SysCtlPeripheralDeepSleepEnable      
0000866d  SysCtlPeripheralDisable              
00008601  SysCtlPeripheralEnable               
000084b5  SysCtlPeripheralPowerOff             
00008431  SysCtlPeripheralPowerOn              
0000831d  SysCtlPeripheralPresent              
000083a9  SysCtlPeripheralReady                
00008561  SysCtlPeripheralReset                
0000870d  SysCtlPeripheralSleepDisable         
000086bb  SysCtlPeripheralSleepEnable          
0000899d  SysCtlReset                          
00008a59  SysCtlResetBehaviorGet               
00008a49  SysCtlResetBehaviorSet               
000089d5  SysCtlResetCauseClear                
000089c9  SysCtlResetCauseGet                  
0000827b  SysCtlSRAMSizeGet                    
000089a5  SysCtlSleep                          
0000897d  SysCtlSleepPowerSet                  
000093c7  SysCtlUSBPLLDisable                  
000093bb  SysCtlUSBPLLEnable                   
00009401  SysCtlVCOGet                         
000093e9  SysCtlVoltageEventClear              
000093d3  SysCtlVoltageEventConfig             
000093e3  SysCtlVoltageEventStatus             
0001179d  TimerADCEventGet                     
0001177d  TimerADCEventSet                     
000111cd  TimerClockSourceGet                  
00011191  TimerClockSourceSet                  
00010cf9  TimerConfigure                       
00010ff1  TimerControlEvent                    
00010ecd  TimerControlLevel                    
0001104f  TimerControlStall                    
00010f4d  TimerControlTrigger                  
000110b9  TimerControlWaitOnTrigger            
000117d9  TimerDMAEventGet                     
000117b9  TimerDMAEventSet                     
00010c6d  TimerDisable                         
00010c23  TimerEnable                          
0001173d  TimerIntClear                        
000116eb  TimerIntDisable                      
000116c5  TimerIntEnable                       
00011605  TimerIntRegister                     
00011711  TimerIntStatus                       
0001166f  TimerIntUnregister                   
000113bf  TimerLoadGet                         
0001142d  TimerLoadGet64                       
00011365  TimerLoadSet                         
00011401  TimerLoadSet64                       
00011555  TimerMatchGet                        
000115bf  TimerMatchGet64                      
000114fb  TimerMatchSet                        
00011597  TimerMatchSet64                      
00011263  TimerPrescaleGet                     
00011319  TimerPrescaleMatchGet                
000112af  TimerPrescaleMatchSet                
000111f9  TimerPrescaleSet                     
0001116d  TimerRTCDisable                      
00011149  TimerRTCEnable                       
0001175d  TimerSynchronize                     
000117f5  TimerUpdateMode                      
00011473  TimerValueGet                        
000114b5  TimerValueGet64                      
000146eb  UART9BitAddrSend                     
000146b7  UART9BitAddrSet                      
00014693  UART9BitDisable                      
0001466f  UART9BitEnable                       
00014417  UARTBreakCtl                         
0001444f  UARTBusy                             
00014395  UARTCharGet                          
00014357  UARTCharGetNonBlocking               
000143eb  UARTCharPut                          
000143b9  UARTCharPutNonBlocking               
000142ff  UARTCharsAvail                       
00014651  UARTClockSourceGet                   
0001461b  UARTClockSourceSet                   
00013f05  UARTConfigGetExpClk                  
00013e27  UARTConfigSetExpClk                  
000145b7  UARTDMADisable                       
00014591  UARTDMAEnable                        
00013fad  UARTDisable                          
00014069  UARTDisableSIR                       
00013b2f  UARTEchoSet                          
00013f65  UARTEnable                           
0001402d  UARTEnableSIR                        
00014009  UARTFIFODisable                      
00013fe5  UARTFIFOEnable                       
00013deb  UARTFIFOLevelGet                     
00013d79  UARTFIFOLevelSet                     
00014281  UARTFlowControlGet                   
0001423b  UARTFlowControlSet                   
00013afb  UARTFlushRx                          
00013b09  UARTFlushTx                          
00014571  UARTIntClear                         
0001451f  UARTIntDisable                       
000144f9  UARTIntEnable                        
0001447b  UARTIntRegister                      
00014545  UARTIntStatus                        
000144b9  UARTIntUnregister                    
00014741  UARTLoopbackEnable                   
00014155  UARTModemControlClear                
000141b9  UARTModemControlGet                  
000140f1  UARTModemControlSet                  
000141f9  UARTModemStatusGet                   
00013d5b  UARTParityModeGet                    
00013d0f  UARTParityModeSet                    
00013ae3  UARTRxBytesAvail                     
000145fd  UARTRxErrorClear                     
000145dd  UARTRxErrorGet                       
000140cd  UARTSmartCardDisable                 
0001408d  UARTSmartCardEnable                  
0001432b  UARTSpaceAvail                       
0001312f  UARTStdioConfig                      
00013b57  UARTStdioIntHandler                  
00013aef  UARTTxBytesFree                      
000142df  UARTTxIntModeGet                     
000142a1  UARTTxIntModeSet                     
00013785  UARTgetc                             
00013325  UARTgets                             
00013abf  UARTprintf                           
000137ad  UARTvprintf                          
0001325b  UARTwrite                            
0001c4dd  ULPIConfigSet                        
0001c57f  ULPIPowerTransceiver                 
0001d0c5  USB0DeviceIntHandler                 
0001727f  USB0DualModeIntHandler               
000024b7  USB0HostIntHandler                   
00017529  USB0OTGModeIntHandler                
00016fdf  USBBufferCallbackDataSet             
000170d5  USBBufferDataAvailable               
00016fb7  USBBufferDataRemoved                 
00016f89  USBBufferDataWritten                 
00017115  USBBufferEventCallback               
00017061  USBBufferFlush                       
00016f4f  USBBufferInfoGet                     
00016ecb  USBBufferInit                        
00017081  USBBufferRead                        
000170f5  USBBufferSpaceAvailable              
00016ff9  USBBufferWrite                       
00016f15  USBBufferZeroLengthPacketInsert      
0000787b  USBClockDisable                      
00007851  USBClockEnable                       
00018e6d  USBControlHandler                    
00007839  USBControllerVersion                 
0000d80f  USBDCDCCompositeInit                 
0000d98d  USBDCDCInit                          
0000db7d  USBDCDCPacketRead                    
0000dac5  USBDCDCPacketWrite                   
0000dd3f  USBDCDCPowerStatusSet                
0000dd61  USBDCDCRemoteWakeupRequest           
0000dc8f  USBDCDCRxPacketAvailable             
0000dcf9  USBDCDCSerialStateChange             
0000da21  USBDCDCSetControlCBData              
0000da4f  USBDCDCSetRxCBData                   
0000da81  USBDCDCSetTxCBData                   
0000d9fb  USBDCDCTerm                          
0000dc65  USBDCDCTxPacketAvailable             
0001a6f9  USBDCDConfigDescGet                  
0001a6ab  USBDCDConfigDescGetNum               
0001a673  USBDCDConfigDescGetSize              
0001a7db  USBDCDConfigGetInterface             
0001a811  USBDCDConfigGetInterfaceEndpoint     
0001a787  USBDCDConfigGetNumAlternateInterfaces
00009575  USBDCDDeviceInfoInit                 
00009a83  USBDCDFeatureGet                     
000099d1  USBDCDFeatureSet                     
000095d9  USBDCDInit                           
00009971  USBDCDPowerStatusSet                 
00009abd  USBDCDRemoteWakeLPM                  
00009ad7  USBDCDRemoteWakeupRequest            
0000986d  USBDCDRequestDataEP0                 
000098d9  USBDCDSendDataEP0                    
00009915  USBDCDSetDefaultConfiguration        
00009931  USBDCDStallEP0                       
000097d7  USBDCDTerm                           
00007ad3  USBDMAChannelAddressGet              
00007a99  USBDMAChannelAddressSet              
000079b1  USBDMAChannelConfigSet               
00007b4b  USBDMAChannelCountGet                
00007b11  USBDMAChannelCountSet                
00007973  USBDMAChannelDisable                 
00007935  USBDMAChannelEnable                  
000078d9  USBDMAChannelIntDisable              
0000789b  USBDMAChannelIntEnable               
00007917  USBDMAChannelIntStatus               
00007a17  USBDMAChannelStatus                  
00007a51  USBDMAChannelStatusClear             
00007b81  USBDMANumChannels                    
0001b31d  USBDescGet                           
0001b441  USBDescGetInterface                  
0001b46f  USBDescGetInterfaceEndpoint          
0001b2c1  USBDescGetNum                        
0001b387  USBDescGetNumAlternateInterfaces     
000065a3  USBDevAddrGet                        
00006581  USBDevAddrSet                        
00006539  USBDevConnect                        
0000655d  USBDevDisconnect                     
000069e7  USBDevEndpointConfigGet              
000068ad  USBDevEndpointConfigSet              
00006f01  USBDevEndpointDataAck                
000063c5  USBDevEndpointStall                  
0000646d  USBDevEndpointStallClear             
00006141  USBDevEndpointStatusClear            
00007d89  USBDevLPMConfig                      
00007dd3  USBDevLPMDisable                     
00007dad  USBDevLPMEnable                      
00007d63  USBDevLPMRemoteWake                  
00007769  USBDevMode                           
00005d87  USBDevSpeedGet                       
00019683  USBDeviceConfig                      
000198af  USBDeviceConfigAlternate             
00009c1d  USBDeviceEnumHandler                 
00009d7d  USBDeviceEnumResetHandler            
0000a8f5  USBDeviceIntHandlerInternal          
00009b1d  USBDeviceResumeTickHandler           
000172cb  USBDualModeInit                      
00017349  USBDualModeTerm                      
000076b5  USBEndpointDMAChannel                
00006c95  USBEndpointDMAConfigSet              
00006d67  USBEndpointDMADisable                
00006d2d  USBEndpointDMAEnable                 
00006da1  USBEndpointDataAvail                 
00006e2b  USBEndpointDataGet                   
00006ffd  USBEndpointDataPut                   
000070b7  USBEndpointDataSend                  
000062f9  USBEndpointDataToggleClear           
000077fd  USBEndpointPacketCountSet            
0000602d  USBEndpointStatus                    
0000767d  USBFIFOAddrGet                       
00006be9  USBFIFOConfigGet                     
00006b3d  USBFIFOConfigSet                     
0000715b  USBFIFOFlush                         
00007625  USBFrameNumberGet                    
00002b31  USBHCDControlTransfer                
00002ffd  USBHCDDevAddress                     
00003029  USBHCDDevClass                       
00002fd1  USBHCDDevHubPort                     
000030bd  USBHCDDevProtocol                    
00003071  USBHCDDevSubClass                    
00000429  USBHCDEventDisable                   
000003eb  USBHCDEventEnable                    
00003121  USBHCDFeatureSet                     
00002cb1  USBHCDHubDeviceConnected             
00002d75  USBHCDHubDeviceDisconnected          
000015b5  USBHCDInit                           
0000329d  USBHCDLPMResume                      
00003223  USBHCDLPMSleep                       
000031d9  USBHCDLPMStatus                      
00002711  USBHCDMain                           
000008c1  USBHCDPipeAlloc                      
0000060d  USBHCDPipeAllocSize                  
0000090d  USBHCDPipeConfig                     
00000e4f  USBHCDPipeDataAck                    
000010e1  USBHCDPipeFree                       
00000e85  USBHCDPipeRead                       
00000e05  USBHCDPipeReadNonBlocking            
00000ce1  USBHCDPipeSchedule                   
000005e7  USBHCDPipeTransferSizeGet            
00000ab1  USBHCDPipeWrite                      
0000154d  USBHCDPowerAutomatic                 
00001495  USBHCDPowerConfigGet                 
00001471  USBHCDPowerConfigInit                
000014bd  USBHCDPowerConfigSet                 
00001715  USBHCDRegisterDrivers                
00001801  USBHCDReset                          
00001879  USBHCDResume                         
00001abd  USBHCDSetAddress                     
00001bd5  USBHCDSetConfig                      
00001c2b  USBHCDSetInterface                   
00001a41  USBHCDStringDescriptorGet            
00001859  USBHCDSuspend                        
0000173d  USBHCDTerm                           
000163ed  USBHHubClose                         
00016391  USBHHubEnumerationComplete           
000163b3  USBHHubEnumerationError              
00016401  USBHHubInit                          
0001642f  USBHHubLPMSleep                      
0001643d  USBHHubLPMStatus                     
00016165  USBHHubMain                          
000163d5  USBHHubOpen                          
00005ccb  USBHighSpeed                         
000073a1  USBHostAddrGet                       
0000731d  USBHostAddrSet                       
00001c85  USBHostCheckPipes                    
000065c5  USBHostEndpointConfig                
00006f85  USBHostEndpointDataAck               
00006215  USBHostEndpointDataToggle            
00006379  USBHostEndpointPing                  
000067c5  USBHostEndpointSpeed                 
000060a5  USBHostEndpointStatusClear           
000074c5  USBHostHubAddrGet                    
00007415  USBHostHubAddrSet                    
00001d4d  USBHostIntHandlerInternal            
00007ce7  USBHostLPMConfig                     
00007d3d  USBHostLPMResume                     
00007c7b  USBHostLPMSend                       
00007749  USBHostMode                          
0000753d  USBHostPwrConfig                     
000075ff  USBHostPwrDisable                    
000075d9  USBHostPwrEnable                     
000075b3  USBHostPwrFaultDisable               
0000758d  USBHostPwrFaultEnable                
00007211  USBHostRequestIN                     
0000727f  USBHostRequestINClear                
000072f9  USBHostRequestStatus                 
00005c8f  USBHostReset                         
00005d07  USBHostResume                        
00005d43  USBHostSpeedGet                      
00005c6d  USBHostSuspend                       
00005dad  USBIntDisableControl                 
00005ed9  USBIntDisableEndpoint                
00005e25  USBIntEnableControl                  
00005f15  USBIntEnableEndpoint                 
00005fb5  USBIntRegister                       
00005e7f  USBIntStatusControl                  
00005f51  USBIntStatusEndpoint                 
00005ff3  USBIntUnregister                     
00007e23  USBLPMEndpointGet                    
00007ebb  USBLPMIntDisable                     
00007e93  USBLPMIntEnable                      
00007e75  USBLPMIntStatus                      
00007e01  USBLPMLinkStateGet                   
00007e4d  USBLPMRemoteWakeEnabled              
0000eb19  USBLibDMAAddrGet                     
0000eb49  USBLibDMAInit                        
0000eb31  USBLibDMASizeGet                     
000077a9  USBModeConfig                        
00007693  USBModeGet                           
00007821  USBNumEndpointsGet                   
000176c9  USBOTGFeatureSet                     
0001762b  USBOTGMain                           
00007789  USBOTGMode                           
000173d3  USBOTGModeInit                       
0001738b  USBOTGModeTerm                       
000174f9  USBOTGPollRate                       
00007641  USBOTGSessionRequest                 
000077cb  USBPHYPowerOff                       
000077e1  USBPHYPowerOn                        
00018393  USBRingBufAdvanceRead                
000183e9  USBRingBufAdvanceWrite               
00018279  USBRingBufContigFree                 
00018241  USBRingBufContigUsed                 
00018185  USBRingBufEmpty                      
000181b7  USBRingBufFlush                      
0001821d  USBRingBufFree                       
00018143  USBRingBufFull                       
00018535  USBRingBufInit                       
0001831d  USBRingBufRead                       
000182d7  USBRingBufReadOne                    
000182bf  USBRingBufSize                       
000181e3  USBRingBufUsed                       
000184bf  USBRingBufWrite                      
00018479  USBRingBufWriteOne                   
00018f75  USBRxHandler                         
00019083  USBSerialGetChar                     
00018fd7  USBSerialInit                        
000190a1  USBSerialPutChar                     
000190f1  USBSerialRead                        
00019135  USBSerialWrite                       
00017235  USBStackModeSet                      
00018f05  USBTxHandler                         
00007ba1  USBULPIConfig                        
00007bcf  USBULPIDisable                       
00007bb7  USBULPIEnable                        
00007be7  USBULPIRegRead                       
00007c2d  USBULPIRegWrite                      
20006bb8  __STACK_END                          
00000200  __STACK_SIZE                         
20006bb8  __STACK_TOP                          
0001e258  __TI_CINIT_Base                      
0001e270  __TI_CINIT_Limit                     
0001e23c  __TI_Handler_Table_Base              
0001e248  __TI_Handler_Table_Limit             
0001cda9  __TI_auto_init_nobinit_nopinit       
0001cafd  __TI_decompress_lzss                 
0001d1d7  __TI_decompress_none                 
0001cc1f  __TI_ltoa                            
ffffffff  __TI_pprof_out_hndl                  
00014769  __TI_printfi                         
ffffffff  __TI_prof_data_size                  
ffffffff  __TI_prof_data_start                 
00000000  __TI_static_base__                   
0001d1e5  __TI_zero_init                       
0001c837  __aeabi_cdcmpeq                      
0001c837  __aeabi_cdcmple                      
0001c8bd  __aeabi_cdrcmple                     
0001cd61  __aeabi_d2iz                         
0001cded  __aeabi_d2uiz                        
0001b66f  __aeabi_dadd                         
0001b959  __aeabi_ddiv                         
0001c149  __aeabi_dmul                         
0001b665  __aeabi_dsub                         
0001d1fd  __aeabi_errno_addr                   
0001ccc5  __aeabi_f2ulz                        
0001d045  __aeabi_i2d                          
000151b7  __aeabi_idiv0                        
000151b7  __aeabi_ldiv0                        
0001c943  __aeabi_memclr                       
0001c943  __aeabi_memclr4                      
0001c943  __aeabi_memclr8                      
0001c705  __aeabi_memcpy                       
0001c705  __aeabi_memcpy4                      
0001c705  __aeabi_memcpy8                      
0001c945  __aeabi_memset                       
0001c945  __aeabi_memset4                      
0001c945  __aeabi_memset8                      
0001d0e9  __aeabi_ui2d                         
0001ce31  __aeabi_uidiv                        
0001ce31  __aeabi_uidivmod                     
0001c7a1  __aeabi_uldivmod                     
ffffffff  __binit__                            
ffffffff  __c_args__                           
000151b9  __error__                            
UNDEFED   __mpu_init                           
200069b8  __stack                              
20000000  __start___llvm_prf_cnts              
20000000  __stop___llvm_prf_cnts               
0001d011  _c_int00_noargs                      
0001d7c4  _ctypes_                             
UNDEFED   _system_post_cinit                   
0001d20b  _system_pre_init                     
0001d20f  abort                                
00019cd9  aplicar_promedio                     
0001cd15  atoi                                 
ffffffff  binit                                
0001a265  check_and_extract_command_param      
00019f2d  configADC1_ISR                       
00019ccd  configADC_DisparaADC                 
00019eb9  configADC_ISR                        
00019ce7  configADC_IniciaADC                  
00019dd9  configADC_IniciaADC1                 
00019e91  configADC_LeeADC                     
00019ea5  configADC_LeeADC1                    
0001d125  copysign                             
0001d157  copysignf                            
0001d125  copysignl                            
0001ca2d  create_checksum                      
0001a1d3  create_frame                         
0001a257  decode_command_type                  
0001a17f  destuff_and_check_checksum           
0000376d  eTaskGetState                        
200069b0  errno                                
0001cb65  frexp                                
0001cb65  frexpl                               
00015a3f  funcion_botones_asincronos           
2000696c  g_bUSBTimerInitialized               
200066c4  g_eOTGModeState                      
20006984  g_iUSBMode                           
20006924  g_internalAddress                    
20006928  g_internalData                       
0001e0b4  g_pCDCCompSerConfigDescriptors       
0001e0b8  g_pCDCCompSerConfigDescriptorsHS     
20000000  g_pfnRAMVectors                      
20006554  g_pfnTickHandlers                    
00000000  g_pfnVectors                         
0001e0bc  g_ppCDCSerConfigDescriptors          
0001e0c0  g_ppCDCSerConfigDescriptorsHS        
200066b4  g_ppsDevInfo                         
0001df74  g_ppui8StringDescriptors             
200068f4  g_psCDCCompSerSections               
20006904  g_psCDCCompSerSectionsHS             
20006930  g_psCDCSerSections                   
2000693c  g_psCDCSerSectionsHS                 
200066c8  g_psCmdTable                         
20006424  g_psDCDInst                          
0001df0c  g_pui8CDCSerCommInterface            
0001df8c  g_pui8CDCSerDataInterface            
0001dfa3  g_pui8CDCSerDataInterfaceHS          
20006978  g_pui8CDCSerDescriptor               
200068e0  g_pui8CDCSerDeviceDescriptor         
0001ddc0  g_pui8ConfigString                   
0001debc  g_pui8ControlInterfaceString         
2000698d  g_pui8IADSerDescriptor               
0001e0b0  g_pui8LangDescriptor                 
0001dee8  g_pui8ManufacturerString             
0001df2f  g_pui8ProductString                  
0001e00c  g_pui8SerialNumberString             
20006188  g_pui8USBRxBuffer                    
20006288  g_pui8USBTxBuffer                    
2000656c  g_pvTickInstance                     
0001e060  g_sCDCCompSerConfigHeader            
0001e068  g_sCDCCompSerConfigHeaderHS          
20006764  g_sCDCDevice                         
0001de5c  g_sCDCHandlers                       
0001e070  g_sCDCSerCommInterfaceSection        
0001e078  g_sCDCSerConfigHeader                
0001e080  g_sCDCSerConfigHeaderHS              
0001e088  g_sCDCSerConfigSection               
0001e090  g_sCDCSerDataInterfaceSection        
0001e098  g_sCDCSerDataInterfaceSectionHS      
0001e0a0  g_sIADSerConfigSection               
20006800  g_sRxBuffer                          
20006838  g_sTxBuffer                          
200066b8  g_ui32CPUUsage                       
20006970  g_ui32CurrentUSBTick                 
200066bc  g_ui32PollRate                       
20006974  g_ui32USBSOFCount                    
20006988  g_ui32WaitTicks                      
200066c0  g_ulSystemClock                      
20006918  g_ulUARTRxCount                      
2000691c  g_ulUARTRxErrors                     
20006914  g_ulUARTTxCount                      
0001a291  get_command_param_pointer            
000122e1  initCommandLine                      
0001bf29  ldexp                                
0001c40d  ldexpf                               
0001bf29  ldexpl                               
000158b5  main                                 
0001d109  memccpy                              
0001c705  memcpy                               
0001c94b  memset                               
00003fc7  pcTaskGetName                        
000166ad  pcTimerGetName                       
00018771  pvPortCalloc                         
00018585  pvPortMalloc                         
0000522d  pvTaskIncrementMutexHeldCount        
00016b13  pvTimerGetTimerID                    
200067c4  pxCurrentTCB                         
0001ab55  pxPortInitialiseStack                
0001aa0f  remotelink_init                      
0001a881  remotelink_sendMessage               
0001bf29  scalbn                               
0001c40d  scalbnf                              
0001bf29  scalbnl                              
0001ce71  sprintf                              
0001d187  strchr                               
0001d16f  strcmp                               
0001d19d  strcpy                               
0001d1b1  strlen                               
0001d073  strncmp                              
000191f5  strtof                               
0001c039  strtoul                              
0000f9f1  ucQueueGetQueueType                  
0001e0a8  ulMaxSyscallInterruptPriority        
0001c341  ulPortGetIPSR                        
00005249  ulTaskGenericNotifyTake              
00005a21  ulTaskGenericNotifyValueClear        
00017c2b  uxEventGroupGetNumber                
0001bb71  uxListRemove                         
0000f9d1  uxQueueGetQueueNumber                
0000f93b  uxQueueMessagesWaiting               
0000f993  uxQueueMessagesWaitingFromISR        
0000f965  uxQueueSpacesAvailable               
00003fc1  uxTaskGetNumberOfTasks               
00004baf  uxTaskGetStackHighWaterMark          
00004015  uxTaskGetSystemState                 
00004915  uxTaskGetTaskNumber                  
00003841  uxTaskPriorityGet                    
00003869  uxTaskPriorityGetFromISR             
00005207  uxTaskResetEventItemValue            
00016681  uxTimerGetReloadMode                 
00016be3  uxTimerGetTimerNumber                
0001e0c4  uxTopUsedPriority                    
000151ed  vApplicationIdleHook                 
000151f5  vApplicationMallocFailedHook         
000151c3  vApplicationStackOverflowHook        
000151cd  vApplicationTickHook                 
0001ca95  vConfigureTimerForRunTimeStats       
00017bc5  vEventGroupClearBitsCallback         
00017b57  vEventGroupDelete                    
00017bb5  vEventGroupSetBitsCallback           
00017c4b  vEventGroupSetNumber                 
0001ba8f  vListInitialise                      
0001babf  vListInitialiseItem                  
0001bb0b  vListInsert                          
0001bacf  vListInsertEnd                       
0001c3fd  vPortEnableVFP                       
0001ac8d  vPortEndScheduler                    
0001acad  vPortEnterCritical                   
0001aceb  vPortExitCritical                    
000186d3  vPortFree                            
00018935  vPortGetHeapStats                    
0001876f  vPortInitialiseBlocks                
0001c3b9  vPortSVCHandler                      
0001ad39  vPortSetupTimerInterrupt             
0001c3d9  vPortStartFirstTask                  
0001ad65  vPortValidateInterruptPriority       
0000f9b3  vQueueDelete                         
0000f9df  vQueueSetQueueNumber                 
0000fc6f  vQueueWaitForMessageRestricted       
00003715  vTaskDelay                           
0000354d  vTaskDelete                          
00003dc1  vTaskEndScheduler                    
00005819  vTaskGenericNotifyGiveFromISR        
00004a29  vTaskGetInfo                         
0000512f  vTaskGetRunTimeStats                 
00004845  vTaskInternalSetTimeOutState         
0000501d  vTaskList                            
0000490d  vTaskMissedYield                     
00004441  vTaskPlaceOnEventList                
000044fd  vTaskPlaceOnEventListRestricted      
0000446b  vTaskPlaceOnUnorderedEventList       
00004e95  vTaskPriorityDisinheritAfterTimeout  
000038b1  vTaskPrioritySet                     
000046e1  vTaskRemoveFromUnorderedEventList    
00003b79  vTaskResume                          
0000493d  vTaskSetTaskNumber                   
00004819  vTaskSetTimeOutState                 
00003d4d  vTaskStartScheduler                  
00003a29  vTaskSuspend                         
00003ddd  vTaskSuspendAll                      
00004341  vTaskSwitchContext                   
0001538f  vTimerCallback                       
00016607  vTimerSetReloadMode                  
00016b3b  vTimerSetTimerID                     
00016bf1  vTimerSetTimerNumber                 
0001d1c5  wcslen                               
000179cb  xEventGroupClearBits                 
00017a1d  xEventGroupClearBitsFromISR          
00017725  xEventGroupCreate                    
00017a35  xEventGroupGetBitsFromISR            
00017a69  xEventGroupSetBits                   
00017c0b  xEventGroupSetBitsFromISR            
00017745  xEventGroupSync                      
0001785f  xEventGroupWaitBits                  
00018763  xPortGetFreeHeapSize                 
00018769  xPortGetMinimumEverFreeHeapSize      
0001c359  xPortPendSVHandler                   
0001abdb  xPortStartScheduler                  
0001ad13  xPortSysTickHandler                  
0000ef0f  xQueueCreateMutex                    
0000ee25  xQueueGenericCreate                  
0000ed31  xQueueGenericReset                   
0000ef3b  xQueueGenericSend                    
0000f0fd  xQueueGenericSendFromISR             
0000f21d  xQueueGiveFromISR                    
0000fbef  xQueueIsQueueEmptyFromISR            
0000fc3f  xQueueIsQueueFullFromISR             
0000f63d  xQueuePeek                           
0000f8a1  xQueuePeekFromISR                    
0000f32d  xQueueReceive                        
0000f7ad  xQueueReceiveFromISR                 
0000f493  xQueueSemaphoreTake                  
000040f1  xTaskCatchUpTicks                    
00004869  xTaskCheckForTimeOut                 
000032f1  xTaskCreate                          
00003639  xTaskDelayUntil                      
00005405  xTaskGenericNotify                   
000055d9  xTaskGenericNotifyFromISR            
000059bd  xTaskGenericNotifyStateClear         
0000530d  xTaskGenericNotifyWait               
00004c1d  xTaskGetCurrentTaskHandle            
00004c3d  xTaskGetSchedulerState               
00003f9d  xTaskGetTickCount                    
00003fad  xTaskGetTickCountFromISR             
00004145  xTaskIncrementTick                   
00004d8f  xTaskPriorityDisinherit              
00004c7d  xTaskPriorityInherit                 
00004581  xTaskRemoveFromEventList             
00003df1  xTaskResumeAll                       
00003c55  xTaskResumeFromISR                   
000164bb  xTimerCreate                         
00016481  xTimerCreateTimerTask                
00016553  xTimerGenericCommand                 
0001668d  xTimerGetExpiryTime                  
000165eb  xTimerGetPeriod                      
0001664b  xTimerGetReloadMode                  
000165cd  xTimerGetTimerDaemonTaskHandle       
00016add  xTimerIsTimerActive                  
00016b9d  xTimerPendFunctionCall               
00016b63  xTimerPendFunctionCallFromISR        


GLOBAL SYMBOLS: SORTED BY Symbol Address 

address   name                                 
-------   ----                                 
00000000  __TI_static_base__                   
00000000  g_pfnVectors                         
00000200  __STACK_SIZE                         
0000026d  ConfigDescAlloc                      
00000303  ConfigDescFree                       
000003eb  USBHCDEventEnable                    
00000429  USBHCDEventDisable                   
000005e7  USBHCDPipeTransferSizeGet            
0000060d  USBHCDPipeAllocSize                  
000008c1  USBHCDPipeAlloc                      
0000090d  USBHCDPipeConfig                     
00000ab1  USBHCDPipeWrite                      
00000ce1  USBHCDPipeSchedule                   
00000e05  USBHCDPipeReadNonBlocking            
00000e4f  USBHCDPipeDataAck                    
00000e85  USBHCDPipeRead                       
000010e1  USBHCDPipeFree                       
00001471  USBHCDPowerConfigInit                
00001495  USBHCDPowerConfigGet                 
000014bd  USBHCDPowerConfigSet                 
0000154d  USBHCDPowerAutomatic                 
000015b5  USBHCDInit                           
00001715  USBHCDRegisterDrivers                
0000173d  USBHCDTerm                           
[...]
00013b57  UARTStdioIntHandler                  
00013d0f  UARTParityModeSet                    
00013d5b  UARTParityModeGet                    
00013d79  UARTFIFOLevelSet                     
00013deb  UARTFIFOLevelGet                     
00013e27  UARTConfigSetExpClk                  
00013f05  UARTConfigGetExpClk                  
00013f65  UARTEnable                           
00013fad  UARTDisable                          
00013fe5  UARTFIFOEnable                       
00014009  UARTFIFODisable                      
0001402d  UARTEnableSIR                        
00014069  UARTDisableSIR                       
0001408d  UARTSmartCardEnable                  
000140cd  UARTSmartCardDisable                 
000140f1  UARTModemControlSet                  
00014155  UARTModemControlClear                
000141b9  UARTModemControlGet                  
000141f9  UARTModemStatusGet                   
0001423b  UARTFlowControlSet                   
00014281  UARTFlowControlGet                   
000142a1  UARTTxIntModeSet                     
000142df  UARTTxIntModeGet                     
000142ff  UARTCharsAvail                       
0001432b  UARTSpaceAvail                       
00014357  UARTCharGetNonBlocking               
00014395  UARTCharGet                          
000143b9  UARTCharPutNonBlocking               
000143eb  UARTCharPut                          
00014417  UARTBreakCtl                         
0001444f  UARTBusy                             
0001447b  UARTIntRegister                      
000144b9  UARTIntUnregister                    
000144f9  UARTIntEnable                        
0001451f  UARTIntDisable                       
00014545  UARTIntStatus                        
00014571  UARTIntClear                         
00014591  UARTDMAEnable                        
000145b7  UARTDMADisable                       
000145dd  UARTRxErrorGet                       
000145fd  UARTRxErrorClear                     
0001461b  UARTClockSourceSet                   
00014651  UARTClockSourceGet                   
0001466f  UART9BitEnable                       
00014693  UART9BitDisable                      
000146b7  UART9BitAddrSet                      
000146eb  UART9BitAddrSend                     
00014741  UARTLoopbackEnable                   
00014769  __TI_printfi                         
000151b7  __aeabi_idiv0                        
000151b7  __aeabi_ldiv0                        
000151b9  __error__                            
000151c3  vApplicationStackOverflowHook        
000151cd  vApplicationTickHook                 
000151ed  vApplicationIdleHook                 
000151f5  vApplicationMallocFailedHook         
0001538f  vTimerCallback                       
000158b5  main                                 
00015a3f  funcion_botones_asincronos           
00015a85  GPIOFIntHandler                      
00015abf  GPIOIntHandler_PA3                   
00016165  USBHHubMain                          
00016391  USBHHubEnumerationComplete           
000163b3  USBHHubEnumerationError              
000163d5  USBHHubOpen                          
000163ed  USBHHubClose                         
00016401  USBHHubInit                          
0001642f  USBHHubLPMSleep                      
0001643d  USBHHubLPMStatus                     
00016481  xTimerCreateTimerTask                
000164bb  xTimerCreate                         
00016553  xTimerGenericCommand                 
000165cd  xTimerGetTimerDaemonTaskHandle       
000165eb  xTimerGetPeriod                      
00016607  vTimerSetReloadMode                  
0001664b  xTimerGetReloadMode                  
00016681  uxTimerGetReloadMode                 
0001668d  xTimerGetExpiryTime                  
000166ad  pcTimerGetName                       
00016add  xTimerIsTimerActive                  
00016b13  pvTimerGetTimerID                    
00016b3b  vTimerSetTimerID                     
00016b63  xTimerPendFunctionCallFromISR        
00016b9d  xTimerPendFunctionCall               
00016be3  uxTimerGetTimerNumber                
00016bf1  vTimerSetTimerNumber                 
00016ecb  USBBufferInit                        
00016f15  USBBufferZeroLengthPacketInsert      
00016f4f  USBBufferInfoGet                     
00016f89  USBBufferDataWritten                 
00016fb7  USBBufferDataRemoved                 
00016fdf  USBBufferCallbackDataSet             
00016ff9  USBBufferWrite                       
00017061  USBBufferFlush                       
00017081  USBBufferRead                        
000170d5  USBBufferDataAvailable               
000170f5  USBBufferSpaceAvailable              
00017115  USBBufferEventCallback               
00017235  USBStackModeSet                      
0001727f  USB0DualModeIntHandler               
000172cb  USBDualModeInit                      
00017349  USBDualModeTerm                      
0001738b  USBOTGModeTerm                       
000173d3  USBOTGModeInit                       
000174f9  USBOTGPollRate                       
00017529  USB0OTGModeIntHandler                
00017611  OTGDeviceDisconnect                  
0001762b  USBOTGMain                           
000176c9  USBOTGFeatureSet                     
00017725  xEventGroupCreate                    
00017745  xEventGroupSync                      
0001785f  xEventGroupWaitBits                  
000179cb  xEventGroupClearBits                 
00017a1d  xEventGroupClearBitsFromISR          
00017a35  xEventGroupGetBitsFromISR            
00017a69  xEventGroupSetBits                   
00017b57  vEventGroupDelete                    
00017bb5  vEventGroupSetBitsCallback           
00017bc5  vEventGroupClearBitsCallback         
00017c0b  xEventGroupSetBitsFromISR            
00017c2b  uxEventGroupGetNumber                
00017c4b  vEventGroupSetNumber                 
00017c6b  IntMasterEnable                      
00017c7b  IntMasterDisable                     
00017c8b  IntRegister                          
00017d01  IntUnregister                        
00017d21  IntPriorityGroupingSet               
00017d47  IntPriorityGroupingGet               
00017d7f  IntPrioritySet                       
00017de1  IntPriorityGet                       
00017e17  IntEnable                            
00017e95  IntDisable                           
00017f1d  IntIsEnabled                         
00017fd1  IntPendSet                           
00018041  IntPendClear                         
0001809b  IntPriorityMaskSet                   
000180a7  IntPriorityMaskGet                   
000180af  IntTrigger                           
00018143  USBRingBufFull                       
00018185  USBRingBufEmpty                      
000181b7  USBRingBufFlush                      
000181e3  USBRingBufUsed                       
0001821d  USBRingBufFree                       
00018241  USBRingBufContigUsed                 
00018279  USBRingBufContigFree                 
000182bf  USBRingBufSize                       
000182d7  USBRingBufReadOne                    
0001831d  USBRingBufRead                       
00018393  USBRingBufAdvanceRead                
000183e9  USBRingBufAdvanceWrite               
00018479  USBRingBufWriteOne                   
000184bf  USBRingBufWrite                      
00018535  USBRingBufInit                       
00018585  pvPortMalloc                         
000186d3  vPortFree                            
00018763  xPortGetFreeHeapSize                 
00018769  xPortGetMinimumEverFreeHeapSize      
0001876f  vPortInitialiseBlocks                
00018771  pvPortCalloc                         
00018935  vPortGetHeapStats                    
000189fd  RGBBlinkIntHandler                   
00018a2b  RGBInit                              
00018b25  RGBEnable                            
00018bdd  RGBDisable                           
00018c3b  RGBSet                               
00018c53  RGBColorSet                          
00018cfd  RGBIntensitySet                      
00018d11  RGBBlinkRateSet                      
00018d9d  RGBColorGet                          
00018e6d  USBControlHandler                    
00018f05  USBTxHandler                         
00018f75  USBRxHandler                         
00018fd7  USBSerialInit                        
00019083  USBSerialGetChar                     
000190a1  USBSerialPutChar                     
000190f1  USBSerialRead                        
00019135  USBSerialWrite                       
000191f5  strtof                               
00019683  USBDeviceConfig                      
000198af  USBDeviceConfigAlternate             
00019979  BMI160AppCallback                    
0001999f  BMI160_i2c_transfer                  
000199ef  BMI160_reg_read                      
00019a19  BMI160_reg_write                     
00019a4b  BMI160_reg_write_bits                
00019ab9  BMI160_reg_read_bits                 
00019afb  BMI160_initialize                    
00019b8f  BMI160_getDeviceID                   
00019b99  BMI160_testConnection                
00019bb1  BMI160_setFullScaleGyroRange         
00019bc3  BMI160_setFullScaleAccelRange        
00019bd5  BMI160_getAcceleration               
00019c27  BMI160_getRotation                   
00019c79  BMI160_getRegister                   
00019c89  BMI160_setRegister                   
00019ccd  configADC_DisparaADC                 
00019cd9  aplicar_promedio                     
00019ce7  configADC_IniciaADC                  
00019dd9  configADC_IniciaADC1                 
00019e91  configADC_LeeADC                     
00019ea5  configADC_LeeADC1                    
00019eb9  configADC_ISR                        
00019f2d  configADC1_ISR                       
0001a17f  destuff_and_check_checksum           
0001a1d3  create_frame                         
0001a257  decode_command_type                  
0001a265  check_and_extract_command_param      
0001a291  get_command_param_pointer            
0001a2c1  ACMEAppCallback                      
0001a2e7  ACME_WriteAndRead                    
0001a343  ACME_Write                           
0001a395  ACME_Read                            
0001a3e7  ACME_initDevice                      
0001a4af  ACME_setPinDir                       
0001a4d1  ACME_writePin                        
0001a4f3  ACME_readPin                         
0001a50f  ACME_clearInt                        
0001a531  ACME_setIntType                      
0001a55f  ACME_readInt                         
0001a57b  ACME_read                            
0001a673  USBDCDConfigDescGetSize              
0001a6ab  USBDCDConfigDescGetNum               
0001a6f9  USBDCDConfigDescGet                  
0001a787  USBDCDConfigGetNumAlternateInterfaces
0001a7db  USBDCDConfigGetInterface             
0001a811  USBDCDConfigGetInterfaceEndpoint     
0001a881  remotelink_sendMessage               
0001aa0f  remotelink_init                      
0001ab55  pxPortInitialiseStack                
0001abdb  xPortStartScheduler                  
0001ac8d  vPortEndScheduler                    
0001acad  vPortEnterCritical                   
0001aceb  vPortExitCritical                    
0001ad13  xPortSysTickHandler                  
0001ad39  vPortSetupTimerInterrupt             
0001ad65  vPortValidateInterruptPriority       
0001b095  ACMEsim_SlaveEnable                  
0001b09b  ACMEsim_SlaveDisable                 
0001b0b7  ACMEsim_InitSlave                    
0001b153  ACMEsim_I2C1SlaveIntHandler          
0001b2c1  USBDescGetNum                        
0001b31d  USBDescGet                           
0001b387  USBDescGetNumAlternateInterfaces     
0001b441  USBDescGetInterface                  
0001b46f  USBDescGetInterfaceEndpoint          
0001b665  __aeabi_dsub                         
0001b66f  __aeabi_dadd                         
0001b959  __aeabi_ddiv                         
0001ba8f  vListInitialise                      
0001babf  vListInitialiseItem                  
0001bacf  vListInsertEnd                       
0001bb0b  vListInsert                          
0001bb71  uxListRemove                         
0001bbb9  ButtonsPoll                          
0001bc5f  ButtonsInit                          
0001bce1  CPUUsageTick                         
0001bd1f  CPUUsageInit                         
0001bf29  ldexp                                
0001bf29  ldexpl                               
0001bf29  scalbn                               
0001bf29  scalbnl                              
0001c039  strtoul                              
0001c149  __aeabi_dmul                         
0001c245  InternalUSBTickInit                  
0001c283  InternalUSBTickReset                 
0001c28b  InternalUSBRegisterTickHandler       
0001c2db  InternalUSBStartOfFrameTick          
0001c341  ulPortGetIPSR                        
0001c359  xPortPendSVHandler                   
0001c3b9  vPortSVCHandler                      
0001c3d9  vPortStartFirstTask                  
0001c3fd  vPortEnableVFP                       
0001c40d  ldexpf                               
0001c40d  scalbnf                              
0001c4dd  ULPIConfigSet                        
0001c57f  ULPIPowerTransceiver                 
0001c659  CmdLineProcess                       
0001c705  __aeabi_memcpy                       
0001c705  __aeabi_memcpy4                      
0001c705  __aeabi_memcpy8                      
0001c705  memcpy                               
0001c7a1  __aeabi_uldivmod                     
0001c837  __aeabi_cdcmpeq                      
0001c837  __aeabi_cdcmple                      
0001c8bd  __aeabi_cdrcmple                     
0001c943  __aeabi_memclr                       
0001c943  __aeabi_memclr4                      
0001c943  __aeabi_memclr8                      
0001c945  __aeabi_memset                       
0001c945  __aeabi_memset4                      
0001c945  __aeabi_memset8                      
0001c94b  memset                               
0001ca2d  create_checksum                      
0001ca95  vConfigureTimerForRunTimeStats       
0001cafd  __TI_decompress_lzss                 
0001cb65  frexp                                
0001cb65  frexpl                               
0001cc1f  __TI_ltoa                            
0001ccc5  __aeabi_f2ulz                        
0001cd15  atoi                                 
0001cd61  __aeabi_d2iz                         
0001cda9  __TI_auto_init_nobinit_nopinit       
0001cded  __aeabi_d2uiz                        
0001ce31  __aeabi_uidiv                        
0001ce31  __aeabi_uidivmod                     
0001ce71  sprintf                              
0001ceb1  ResetISR                             
0001cf2f  CPUcpsid                             
0001cf3b  CPUprimask                           
0001cf45  CPUcpsie                             
0001cf51  CPUwfi                               
0001cf55  CPUbasepriSet                        
0001cf63  CPUbasepriGet                        
0001cf6d  I2CMRead                             
0001cfa3  I2CMWrite                            
0001cfd9  I2CMWriteBatched                     
0001d011  _c_int00_noargs                      
0001d045  __aeabi_i2d                          
0001d073  strncmp                              
0001d0a1  GetOverflowCounts                    
0001d0c5  USB0DeviceIntHandler                 
0001d0e9  __aeabi_ui2d                         
0001d109  memccpy                              
0001d125  copysign                             
0001d125  copysignl                            
0001d157  copysignf                            
0001d16f  strcmp                               
0001d187  strchr                               
0001d19d  strcpy                               
0001d1b1  strlen                               
0001d1c5  wcslen                               
0001d1d7  __TI_decompress_none                 
0001d1e5  __TI_zero_init                       
0001d1fd  __aeabi_errno_addr                   
0001d205  SysCtlDelay                          
0001d20b  _system_pre_init                     
0001d20f  C$$EXIT                              
0001d20f  abort                                
0001d7c4  _ctypes_                             
0001ddc0  g_pui8ConfigString                   
0001de5c  g_sCDCHandlers                       
0001debc  g_pui8ControlInterfaceString         
0001dee8  g_pui8ManufacturerString             
0001df0c  g_pui8CDCSerCommInterface            
0001df2f  g_pui8ProductString                  
0001df74  g_ppui8StringDescriptors             
0001df8c  g_pui8CDCSerDataInterface            
0001dfa3  g_pui8CDCSerDataInterfaceHS          
0001e00c  g_pui8SerialNumberString             
0001e060  g_sCDCCompSerConfigHeader            
0001e068  g_sCDCCompSerConfigHeaderHS          
0001e070  g_sCDCSerCommInterfaceSection        
0001e078  g_sCDCSerConfigHeader                
0001e080  g_sCDCSerConfigHeaderHS              
0001e088  g_sCDCSerConfigSection               
0001e090  g_sCDCSerDataInterfaceSection        
0001e098  g_sCDCSerDataInterfaceSectionHS      
0001e0a0  g_sIADSerConfigSection               
0001e0a8  ulMaxSyscallInterruptPriority        
0001e0b0  g_pui8LangDescriptor                 
0001e0b4  g_pCDCCompSerConfigDescriptors       
0001e0b8  g_pCDCCompSerConfigDescriptorsHS     
0001e0bc  g_ppCDCSerConfigDescriptors          
0001e0c0  g_ppCDCSerConfigDescriptorsHS        
0001e0c4  uxTopUsedPriority                    
0001e23c  __TI_Handler_Table_Base              
0001e248  __TI_Handler_Table_Limit             
0001e258  __TI_CINIT_Base                      
0001e270  __TI_CINIT_Limit                     
20000000  __start___llvm_prf_cnts              
20000000  __stop___llvm_prf_cnts               
20000000  g_pfnRAMVectors                      
20006188  g_pui8USBRxBuffer                    
20006288  g_pui8USBTxBuffer                    
20006424  g_psDCDInst                          
20006554  g_pfnTickHandlers                    
2000656c  g_pvTickInstance                     
200066b4  g_ppsDevInfo                         
200066b8  g_ui32CPUUsage                       
200066bc  g_ui32PollRate                       
200066c0  g_ulSystemClock                      
200066c4  g_eOTGModeState                      
200066c8  g_psCmdTable                         
20006764  g_sCDCDevice                         
200067c4  pxCurrentTCB                         
20006800  g_sRxBuffer                          
20006838  g_sTxBuffer                          
200068e0  g_pui8CDCSerDeviceDescriptor         
200068f4  g_psCDCCompSerSections               
20006904  g_psCDCCompSerSectionsHS             
20006914  g_ulUARTTxCount                      
20006918  g_ulUARTRxCount                      
2000691c  g_ulUARTRxErrors                     
20006924  g_internalAddress                    
20006928  g_internalData                       
20006930  g_psCDCSerSections                   
2000693c  g_psCDCSerSectionsHS                 
2000696c  g_bUSBTimerInitialized               
20006970  g_ui32CurrentUSBTick                 
20006974  g_ui32USBSOFCount                    
20006978  g_pui8CDCSerDescriptor               
20006984  g_iUSBMode                           
20006988  g_ui32WaitTicks                      
2000698d  g_pui8IADSerDescriptor               
200069b0  errno                                
200069b8  __stack                              
20006bb8  __STACK_END                          
20006bb8  __STACK_TOP                          
ffffffff  __TI_pprof_out_hndl                  
ffffffff  __TI_prof_data_size                  
ffffffff  __TI_prof_data_start                 
ffffffff  __binit__                            
ffffffff  __c_args__                           
ffffffff  binit                                
UNDEFED   __mpu_init                           
UNDEFED   _system_post_cinit                   

[932 symbols]
